<?xml version="1.0"?>
<link_info>
   <banner>MSP430 Linker PC v4.2.1</banner>
   <copyright>Copyright (c) 2003-2013 Texas Instruments Incorporated</copyright>
   <link_time>0x536066d0</link_time>
   <link_errors>0x0</link_errors>
   <output_file>SelfDrivingCar.out</output_file>
   <entry_point>
      <name>_c_int00</name>
      <address>0xce56</address>
   </entry_point>
   <input_file_list>
      <input_file id="fl-2">
         <path>.\</path>
         <kind>object</kind>
         <file>main.obj</file>
         <name>main.obj</name>
      </input_file>
      <input_file id="fl-3">
         <path>.\</path>
         <kind>object</kind>
         <file>SensorCollect.obj</file>
         <name>SensorCollect.obj</name>
      </input_file>
      <input_file id="fl-4">
         <path>.\</path>
         <kind>object</kind>
         <file>MotorOutput.obj</file>
         <name>MotorOutput.obj</name>
      </input_file>
      <input_file id="fl-1e">
         <path>C:\ti\ccsv5\tools\compiler\msp430_4.2.1\lib\</path>
         <kind>archive</kind>
         <file>rts430_eabi.lib</file>
         <name>abs.obj</name>
      </input_file>
      <input_file id="fl-1f">
         <path>C:\ti\ccsv5\tools\compiler\msp430_4.2.1\lib\</path>
         <kind>archive</kind>
         <file>rts430_eabi.lib</file>
         <name>boot.obj</name>
      </input_file>
      <input_file id="fl-20">
         <path>C:\ti\ccsv5\tools\compiler\msp430_4.2.1\lib\</path>
         <kind>archive</kind>
         <file>rts430_eabi.lib</file>
         <name>copy_decompress_none.obj</name>
      </input_file>
      <input_file id="fl-21">
         <path>C:\ti\ccsv5\tools\compiler\msp430_4.2.1\lib\</path>
         <kind>archive</kind>
         <file>rts430_eabi.lib</file>
         <name>copy_decompress_rle.obj</name>
      </input_file>
      <input_file id="fl-22">
         <path>C:\ti\ccsv5\tools\compiler\msp430_4.2.1\lib\</path>
         <kind>archive</kind>
         <file>rts430_eabi.lib</file>
         <name>copy_zero_init.obj</name>
      </input_file>
      <input_file id="fl-23">
         <path>C:\ti\ccsv5\tools\compiler\msp430_4.2.1\lib\</path>
         <kind>archive</kind>
         <file>rts430_eabi.lib</file>
         <name>div16s.obj</name>
      </input_file>
      <input_file id="fl-24">
         <path>C:\ti\ccsv5\tools\compiler\msp430_4.2.1\lib\</path>
         <kind>archive</kind>
         <file>rts430_eabi.lib</file>
         <name>div16u.obj</name>
      </input_file>
      <input_file id="fl-25">
         <path>C:\ti\ccsv5\tools\compiler\msp430_4.2.1\lib\</path>
         <kind>archive</kind>
         <file>rts430_eabi.lib</file>
         <name>epilog.obj</name>
      </input_file>
      <input_file id="fl-26">
         <path>C:\ti\ccsv5\tools\compiler\msp430_4.2.1\lib\</path>
         <kind>archive</kind>
         <file>rts430_eabi.lib</file>
         <name>exit.obj</name>
      </input_file>
      <input_file id="fl-27">
         <path>C:\ti\ccsv5\tools\compiler\msp430_4.2.1\lib\</path>
         <kind>archive</kind>
         <file>rts430_eabi.lib</file>
         <name>fixdi.obj</name>
      </input_file>
      <input_file id="fl-28">
         <path>C:\ti\ccsv5\tools\compiler\msp430_4.2.1\lib\</path>
         <kind>archive</kind>
         <file>rts430_eabi.lib</file>
         <name>fixdli.obj</name>
      </input_file>
      <input_file id="fl-29">
         <path>C:\ti\ccsv5\tools\compiler\msp430_4.2.1\lib\</path>
         <kind>archive</kind>
         <file>rts430_eabi.lib</file>
         <name>int02.obj</name>
      </input_file>
      <input_file id="fl-2a">
         <path>C:\ti\ccsv5\tools\compiler\msp430_4.2.1\lib\</path>
         <kind>archive</kind>
         <file>rts430_eabi.lib</file>
         <name>int03.obj</name>
      </input_file>
      <input_file id="fl-2b">
         <path>C:\ti\ccsv5\tools\compiler\msp430_4.2.1\lib\</path>
         <kind>archive</kind>
         <file>rts430_eabi.lib</file>
         <name>int06.obj</name>
      </input_file>
      <input_file id="fl-2c">
         <path>C:\ti\ccsv5\tools\compiler\msp430_4.2.1\lib\</path>
         <kind>archive</kind>
         <file>rts430_eabi.lib</file>
         <name>int07.obj</name>
      </input_file>
      <input_file id="fl-2d">
         <path>C:\ti\ccsv5\tools\compiler\msp430_4.2.1\lib\</path>
         <kind>archive</kind>
         <file>rts430_eabi.lib</file>
         <name>int08.obj</name>
      </input_file>
      <input_file id="fl-2e">
         <path>C:\ti\ccsv5\tools\compiler\msp430_4.2.1\lib\</path>
         <kind>archive</kind>
         <file>rts430_eabi.lib</file>
         <name>int09.obj</name>
      </input_file>
      <input_file id="fl-2f">
         <path>C:\ti\ccsv5\tools\compiler\msp430_4.2.1\lib\</path>
         <kind>archive</kind>
         <file>rts430_eabi.lib</file>
         <name>int11.obj</name>
      </input_file>
      <input_file id="fl-30">
         <path>C:\ti\ccsv5\tools\compiler\msp430_4.2.1\lib\</path>
         <kind>archive</kind>
         <file>rts430_eabi.lib</file>
         <name>int14.obj</name>
      </input_file>
      <input_file id="fl-31">
         <path>C:\ti\ccsv5\tools\compiler\msp430_4.2.1\lib\</path>
         <kind>archive</kind>
         <file>rts430_eabi.lib</file>
         <name>isr_trap.obj</name>
      </input_file>
      <input_file id="fl-32">
         <path>C:\ti\ccsv5\tools\compiler\msp430_4.2.1\lib\</path>
         <kind>archive</kind>
         <file>rts430_eabi.lib</file>
         <name>lsl32.obj</name>
      </input_file>
      <input_file id="fl-33">
         <path>C:\ti\ccsv5\tools\compiler\msp430_4.2.1\lib\</path>
         <kind>archive</kind>
         <file>rts430_eabi.lib</file>
         <name>lsr16.obj</name>
      </input_file>
      <input_file id="fl-34">
         <path>C:\ti\ccsv5\tools\compiler\msp430_4.2.1\lib\</path>
         <kind>archive</kind>
         <file>rts430_eabi.lib</file>
         <name>lsr32.obj</name>
      </input_file>
      <input_file id="fl-35">
         <path>C:\ti\ccsv5\tools\compiler\msp430_4.2.1\lib\</path>
         <kind>archive</kind>
         <file>rts430_eabi.lib</file>
         <name>memcpy.obj</name>
      </input_file>
      <input_file id="fl-36">
         <path>C:\ti\ccsv5\tools\compiler\msp430_4.2.1\lib\</path>
         <kind>archive</kind>
         <file>rts430_eabi.lib</file>
         <name>mpyd.obj</name>
      </input_file>
      <input_file id="fl-37">
         <path>C:\ti\ccsv5\tools\compiler\msp430_4.2.1\lib\</path>
         <kind>archive</kind>
         <file>rts430_eabi.lib</file>
         <name>mult16.obj</name>
      </input_file>
      <input_file id="fl-38">
         <path>C:\ti\ccsv5\tools\compiler\msp430_4.2.1\lib\</path>
         <kind>archive</kind>
         <file>rts430_eabi.lib</file>
         <name>pre_init.obj</name>
      </input_file>
      <input_file id="fl-39">
         <path>C:\ti\ccsv5\tools\compiler\msp430_4.2.1\lib\</path>
         <kind>archive</kind>
         <file>rts430_eabi.lib</file>
         <name>_lock.obj</name>
      </input_file>
      <input_file id="fl-3a">
         <path>C:\ti\ccsv5\tools\compiler\msp430_4.2.1\lib\</path>
         <kind>archive</kind>
         <file>rts430_eabi.lib</file>
         <name>args_main.obj</name>
      </input_file>
      <input_file id="fl-3b">
         <path>C:\ti\ccsv5\tools\compiler\msp430_4.2.1\lib\</path>
         <kind>archive</kind>
         <file>rts430_eabi.lib</file>
         <name>asr16.obj</name>
      </input_file>
      <input_file id="fl-3c">
         <path>C:\ti\ccsv5\tools\compiler\msp430_4.2.1\lib\</path>
         <kind>archive</kind>
         <file>rts430_eabi.lib</file>
         <name>autoinit.obj</name>
      </input_file>
      <input_file id="fl-3d">
         <path>C:\ti\ccsv5\tools\compiler\msp430_4.2.1\lib\</path>
         <kind>archive</kind>
         <file>rts430_eabi.lib</file>
         <name>frcmpyd.obj</name>
      </input_file>
      <input_file id="fl-3e">
         <path>C:\ti\ccsv5\tools\compiler\msp430_4.2.1\lib\</path>
         <kind>archive</kind>
         <file>rts430_eabi.lib</file>
         <name>lsl16.obj</name>
      </input_file>
      <input_file id="fl-3f">
         <path>C:\ti\ccsv5\tools\compiler\msp430_4.2.1\lib\</path>
         <kind>archive</kind>
         <file>rts430_eabi.lib</file>
         <name>mult32.obj</name>
      </input_file>
      <input_file id="fl-40">
         <path>C:\ti\ccsv5\tools\compiler\msp430_4.2.1\lib\</path>
         <kind>archive</kind>
         <file>rts430_eabi.lib</file>
         <name>asr32.obj</name>
      </input_file>
   </input_file_list>
   <object_component_list>
      <object_component id="oc-52">
         <name>.stack</name>
         <uninitialized>true</uninitialized>
         <run_address>0x3b0</run_address>
         <size>0x2</size>
         <input_file_ref idref="fl-1f"/>
      </object_component>
      <object_component id="oc-21e">
         <name>.stack</name>
         <uninitialized>true</uninitialized>
         <run_address>0x3b0</run_address>
         <size>0x0</size>
      </object_component>
      <object_component id="oc-61">
         <name>.text:WDT_interval_handler</name>
         <load_address>0xc000</load_address>
         <run_address>0xc000</run_address>
         <size>0x418</size>
         <input_file_ref idref="fl-2"/>
      </object_component>
      <object_component id="oc-1a2">
         <name>.text:__TI_frcmpyd</name>
         <load_address>0xc418</load_address>
         <run_address>0xc418</run_address>
         <size>0x2f8</size>
         <input_file_ref idref="fl-3d"/>
      </object_component>
      <object_component id="oc-18f">
         <name>.text:__mspabi_mpyd</name>
         <load_address>0xc710</load_address>
         <run_address>0xc710</run_address>
         <size>0x256</size>
         <input_file_ref idref="fl-36"/>
      </object_component>
      <object_component id="oc-1b2">
         <name>.text:__mspabi_fixdli</name>
         <load_address>0xc966</load_address>
         <run_address>0xc966</run_address>
         <size>0x88</size>
         <input_file_ref idref="fl-28"/>
      </object_component>
      <object_component id="oc-9f">
         <name>.text:__TI_decompress_rle_core</name>
         <load_address>0xc9ee</load_address>
         <run_address>0xc9ee</run_address>
         <size>0x5e</size>
         <input_file_ref idref="fl-21"/>
      </object_component>
      <object_component id="oc-7c">
         <name>.text:_auto_init</name>
         <load_address>0xca4c</load_address>
         <run_address>0xca4c</run_address>
         <size>0x5e</size>
         <input_file_ref idref="fl-3c"/>
      </object_component>
      <object_component id="oc-1ba">
         <name>.text:l_lsr_const</name>
         <load_address>0xcaaa</load_address>
         <run_address>0xcaaa</run_address>
         <size>0x5c</size>
         <input_file_ref idref="fl-34"/>
      </object_component>
      <object_component id="oc-70">
         <name>.text:ultrasonic_timer_handler</name>
         <load_address>0xcb06</load_address>
         <run_address>0xcb06</run_address>
         <size>0x58</size>
         <input_file_ref idref="fl-3"/>
      </object_component>
      <object_component id="oc-162">
         <name>.text:init_PWM_timer</name>
         <load_address>0xcb5e</load_address>
         <run_address>0xcb5e</run_address>
         <size>0x52</size>
         <input_file_ref idref="fl-4"/>
      </object_component>
      <object_component id="oc-e9">
         <name>.text:amIStuck</name>
         <load_address>0xcbb0</load_address>
         <run_address>0xcbb0</run_address>
         <size>0x4e</size>
         <input_file_ref idref="fl-2"/>
      </object_component>
      <object_component id="oc-1cf">
         <name>.text</name>
         <load_address>0xcbfe</load_address>
         <run_address>0xcbfe</run_address>
         <size>0x4c</size>
         <input_file_ref idref="fl-33"/>
      </object_component>
      <object_component id="oc-109">
         <name>.text:init_lastData</name>
         <load_address>0xcc4a</load_address>
         <run_address>0xcc4a</run_address>
         <size>0x42</size>
         <input_file_ref idref="fl-2"/>
      </object_component>
      <object_component id="oc-1c2">
         <name>.text:l_asr_const</name>
         <load_address>0xcc8c</load_address>
         <run_address>0xcc8c</run_address>
         <size>0x3e</size>
         <input_file_ref idref="fl-40"/>
      </object_component>
      <object_component id="oc-1c6">
         <name>.text:l_lsl_const</name>
         <load_address>0xccca</load_address>
         <run_address>0xccca</run_address>
         <size>0x3e</size>
         <input_file_ref idref="fl-32"/>
      </object_component>
      <object_component id="oc-17b">
         <name>.text:init_sensor_adc</name>
         <load_address>0xcd08</load_address>
         <run_address>0xcd08</run_address>
         <size>0x2c</size>
         <input_file_ref idref="fl-3"/>
      </object_component>
      <object_component id="oc-19e">
         <name>.text</name>
         <load_address>0xcd34</load_address>
         <run_address>0xcd34</run_address>
         <size>0x2c</size>
         <input_file_ref idref="fl-3b"/>
      </object_component>
      <object_component id="oc-d6">
         <name>.text</name>
         <load_address>0xcd60</load_address>
         <run_address>0xcd60</run_address>
         <size>0x2c</size>
         <input_file_ref idref="fl-23"/>
      </object_component>
      <object_component id="oc-1a7">
         <name>.text</name>
         <load_address>0xcd8c</load_address>
         <run_address>0xcd8c</run_address>
         <size>0x2c</size>
         <input_file_ref idref="fl-3e"/>
      </object_component>
      <object_component id="oc-81">
         <name>.text:main</name>
         <load_address>0xcdb8</load_address>
         <run_address>0xcdb8</run_address>
         <size>0x2a</size>
         <input_file_ref idref="fl-2"/>
      </object_component>
      <object_component id="oc-194">
         <name>.text:__mspabi_fixdi</name>
         <load_address>0xcde2</load_address>
         <run_address>0xcde2</run_address>
         <size>0x28</size>
         <input_file_ref idref="fl-27"/>
      </object_component>
      <object_component id="oc-d1">
         <name>.text:make_front_measurement</name>
         <load_address>0xce0a</load_address>
         <run_address>0xce0a</run_address>
         <size>0x26</size>
         <input_file_ref idref="fl-3"/>
      </object_component>
      <object_component id="oc-1be">
         <name>.text</name>
         <load_address>0xce30</load_address>
         <run_address>0xce30</run_address>
         <size>0x26</size>
         <input_file_ref idref="fl-3f"/>
      </object_component>
      <object_component id="oc-3e">
         <name>.text:_c_int00_noexit</name>
         <load_address>0xce56</load_address>
         <run_address>0xce56</run_address>
         <size>0x1a</size>
         <input_file_ref idref="fl-1f"/>
      </object_component>
      <object_component id="oc-180">
         <name>.text:init_ultrasonic_timer</name>
         <load_address>0xce70</load_address>
         <run_address>0xce70</run_address>
         <size>0x1a</size>
         <input_file_ref idref="fl-3"/>
      </object_component>
      <object_component id="oc-59">
         <name>.text:adc_handler</name>
         <load_address>0xce8a</load_address>
         <run_address>0xce8a</run_address>
         <size>0x18</size>
         <input_file_ref idref="fl-3"/>
      </object_component>
      <object_component id="oc-10f">
         <name>.text:take_picture</name>
         <load_address>0xcea2</load_address>
         <run_address>0xcea2</run_address>
         <size>0x18</size>
         <input_file_ref idref="fl-3"/>
      </object_component>
      <object_component id="oc-122">
         <name>.text</name>
         <load_address>0xceba</load_address>
         <run_address>0xceba</run_address>
         <size>0x16</size>
         <input_file_ref idref="fl-24"/>
      </object_component>
      <object_component id="oc-48">
         <name>.text:decompress:ZI:__TI_zero_init</name>
         <load_address>0xced0</load_address>
         <run_address>0xced0</run_address>
         <size>0x14</size>
         <input_file_ref idref="fl-22"/>
      </object_component>
      <object_component id="oc-da">
         <name>.text</name>
         <load_address>0xcee4</load_address>
         <run_address>0xcee4</run_address>
         <size>0x14</size>
         <input_file_ref idref="fl-37"/>
      </object_component>
      <object_component id="oc-114">
         <name>.text:stop</name>
         <load_address>0xcef8</load_address>
         <run_address>0xcef8</run_address>
         <size>0x14</size>
         <input_file_ref idref="fl-4"/>
      </object_component>
      <object_component id="oc-43">
         <name>.text:decompress:none:__TI_decompress_none</name>
         <load_address>0xcf0c</load_address>
         <run_address>0xcf0c</run_address>
         <size>0x12</size>
         <input_file_ref idref="fl-20"/>
      </object_component>
      <object_component id="oc-1d3">
         <name>.text:l_lsr</name>
         <load_address>0xcf1e</load_address>
         <run_address>0xcf1e</run_address>
         <size>0x12</size>
         <input_file_ref idref="fl-34"/>
      </object_component>
      <object_component id="oc-8c">
         <name>.text:memcpy</name>
         <load_address>0xcf30</load_address>
         <run_address>0xcf30</run_address>
         <size>0x12</size>
         <input_file_ref idref="fl-35"/>
      </object_component>
      <object_component id="oc-69">
         <name>.text:ultrasonic_timer_taie</name>
         <load_address>0xcf42</load_address>
         <run_address>0xcf42</run_address>
         <size>0x12</size>
         <input_file_ref idref="fl-3"/>
      </object_component>
      <object_component id="oc-ee">
         <name>.text:forward</name>
         <load_address>0xcf54</load_address>
         <run_address>0xcf54</run_address>
         <size>0x10</size>
         <input_file_ref idref="fl-4"/>
      </object_component>
      <object_component id="oc-104">
         <name>.text:reverse</name>
         <load_address>0xcf64</load_address>
         <run_address>0xcf64</run_address>
         <size>0x10</size>
         <input_file_ref idref="fl-4"/>
      </object_component>
      <object_component id="oc-128">
         <name>.text</name>
         <load_address>0xcf74</load_address>
         <run_address>0xcf74</run_address>
         <size>0x10</size>
         <input_file_ref idref="fl-25"/>
      </object_component>
      <object_component id="oc-cc">
         <name>.text:set_camera_gpio</name>
         <load_address>0xcf84</load_address>
         <run_address>0xcf84</run_address>
         <size>0x10</size>
         <input_file_ref idref="fl-3"/>
      </object_component>
      <object_component id="oc-138">
         <name>.text:init_motors</name>
         <load_address>0xcf94</load_address>
         <run_address>0xcf94</run_address>
         <size>0xe</size>
         <input_file_ref idref="fl-4"/>
      </object_component>
      <object_component id="oc-12e">
         <name>.text:init_sensors</name>
         <load_address>0xcfa2</load_address>
         <run_address>0xcfa2</run_address>
         <size>0xe</size>
         <input_file_ref idref="fl-3"/>
      </object_component>
      <object_component id="oc-f8">
         <name>.text:left</name>
         <load_address>0xcfb0</load_address>
         <run_address>0xcfb0</run_address>
         <size>0xe</size>
         <input_file_ref idref="fl-4"/>
      </object_component>
      <object_component id="oc-f3">
         <name>.text:right</name>
         <load_address>0xcfbe</load_address>
         <run_address>0xcfbe</run_address>
         <size>0xe</size>
         <input_file_ref idref="fl-4"/>
      </object_component>
      <object_component id="oc-133">
         <name>.text:init_wdt</name>
         <load_address>0xcfcc</load_address>
         <run_address>0xcfcc</run_address>
         <size>0xc</size>
         <input_file_ref idref="fl-2"/>
      </object_component>
      <object_component id="oc-df">
         <name>.text:abs</name>
         <load_address>0xcfd8</load_address>
         <run_address>0xcfd8</run_address>
         <size>0xa</size>
         <input_file_ref idref="fl-1e"/>
      </object_component>
      <object_component id="oc-ff">
         <name>.text:straight</name>
         <load_address>0xcfe2</load_address>
         <run_address>0xcfe2</run_address>
         <size>0x8</size>
         <input_file_ref idref="fl-4"/>
      </object_component>
      <object_component id="oc-55">
         <name>.text:__TI_ISR_TRAP</name>
         <load_address>0xcfea</load_address>
         <run_address>0xcfea</run_address>
         <size>0x6</size>
         <input_file_ref idref="fl-31"/>
      </object_component>
      <object_component id="oc-4d">
         <name>.text:decompress:rle24:__TI_decompress_rle24</name>
         <load_address>0xcff0</load_address>
         <run_address>0xcff0</run_address>
         <size>0x6</size>
         <input_file_ref idref="fl-21"/>
      </object_component>
      <object_component id="oc-c5">
         <name>.text:get_latest_front</name>
         <load_address>0xcff6</load_address>
         <run_address>0xcff6</run_address>
         <size>0x6</size>
         <input_file_ref idref="fl-3"/>
      </object_component>
      <object_component id="oc-bb">
         <name>.text:get_latest_left</name>
         <load_address>0xcffc</load_address>
         <run_address>0xcffc</run_address>
         <size>0x6</size>
         <input_file_ref idref="fl-3"/>
      </object_component>
      <object_component id="oc-c0">
         <name>.text:get_latest_right</name>
         <load_address>0xd002</load_address>
         <run_address>0xd002</run_address>
         <size>0x6</size>
         <input_file_ref idref="fl-3"/>
      </object_component>
      <object_component id="oc-185">
         <name>.text:init_camera</name>
         <load_address>0xd008</load_address>
         <run_address>0xd008</run_address>
         <size>0x6</size>
         <input_file_ref idref="fl-3"/>
      </object_component>
      <object_component id="oc-77">
         <name>.text:_system_pre_init</name>
         <load_address>0xd00e</load_address>
         <run_address>0xd00e</run_address>
         <size>0x4</size>
         <input_file_ref idref="fl-38"/>
      </object_component>
      <object_component id="oc-86">
         <name>.text:abort</name>
         <load_address>0xd012</load_address>
         <run_address>0xd012</run_address>
         <size>0x4</size>
         <input_file_ref idref="fl-26"/>
      </object_component>
      <object_component id="oc-21d">
         <name>.cinit..data.load</name>
         <load_address>0xd016</load_address>
         <run_address>0xd016</run_address>
         <size>0x1b</size>
      </object_component>
      <object_component id="oc-21a">
         <name>__TI_handler_table</name>
         <load_address>0xd032</load_address>
         <run_address>0xd032</run_address>
         <size>0x6</size>
      </object_component>
      <object_component id="oc-21c">
         <name>.cinit..bss.load</name>
         <load_address>0xd038</load_address>
         <run_address>0xd038</run_address>
         <size>0x4</size>
      </object_component>
      <object_component id="oc-21b">
         <name>__TI_cinit_table</name>
         <load_address>0xd03c</load_address>
         <run_address>0xd03c</run_address>
         <size>0x8</size>
      </object_component>
      <object_component id="oc-2e">
         <name>.int02</name>
         <load_address>0xffe4</load_address>
         <run_address>0xffe4</run_address>
         <size>0x2</size>
         <input_file_ref idref="fl-29"/>
      </object_component>
      <object_component id="oc-2f">
         <name>.int03</name>
         <load_address>0xffe6</load_address>
         <run_address>0xffe6</run_address>
         <size>0x2</size>
         <input_file_ref idref="fl-2a"/>
      </object_component>
      <object_component id="oc-30">
         <name>.int05</name>
         <load_address>0xffea</load_address>
         <run_address>0xffea</run_address>
         <size>0x2</size>
         <input_file_ref idref="fl-3"/>
      </object_component>
      <object_component id="oc-32">
         <name>.int06</name>
         <load_address>0xffec</load_address>
         <run_address>0xffec</run_address>
         <size>0x2</size>
         <input_file_ref idref="fl-2b"/>
      </object_component>
      <object_component id="oc-33">
         <name>.int07</name>
         <load_address>0xffee</load_address>
         <run_address>0xffee</run_address>
         <size>0x2</size>
         <input_file_ref idref="fl-2c"/>
      </object_component>
      <object_component id="oc-34">
         <name>.int08</name>
         <load_address>0xfff0</load_address>
         <run_address>0xfff0</run_address>
         <size>0x2</size>
         <input_file_ref idref="fl-2d"/>
      </object_component>
      <object_component id="oc-35">
         <name>.int09</name>
         <load_address>0xfff2</load_address>
         <run_address>0xfff2</run_address>
         <size>0x2</size>
         <input_file_ref idref="fl-2e"/>
      </object_component>
      <object_component id="oc-36">
         <name>.int10</name>
         <load_address>0xfff4</load_address>
         <run_address>0xfff4</run_address>
         <size>0x2</size>
         <input_file_ref idref="fl-2"/>
      </object_component>
      <object_component id="oc-38">
         <name>.int11</name>
         <load_address>0xfff6</load_address>
         <run_address>0xfff6</run_address>
         <size>0x2</size>
         <input_file_ref idref="fl-2f"/>
      </object_component>
      <object_component id="oc-39">
         <name>.int12</name>
         <load_address>0xfff8</load_address>
         <run_address>0xfff8</run_address>
         <size>0x2</size>
         <input_file_ref idref="fl-3"/>
      </object_component>
      <object_component id="oc-3b">
         <name>.int13</name>
         <load_address>0xfffa</load_address>
         <run_address>0xfffa</run_address>
         <size>0x2</size>
         <input_file_ref idref="fl-3"/>
      </object_component>
      <object_component id="oc-3d">
         <name>.int14</name>
         <load_address>0xfffc</load_address>
         <run_address>0xfffc</run_address>
         <size>0x2</size>
         <input_file_ref idref="fl-30"/>
      </object_component>
      <object_component id="oc-54">
         <name>.reset</name>
         <load_address>0xfffe</load_address>
         <run_address>0xfffe</run_address>
         <size>0x2</size>
         <input_file_ref idref="fl-1f"/>
      </object_component>
      <object_component id="oc-10e">
         <name>.common:last_turn</name>
         <uninitialized>true</uninitialized>
         <run_address>0x274</run_address>
         <size>0x1</size>
      </object_component>
      <object_component id="oc-16e">
         <name>.common:lastData</name>
         <uninitialized>true</uninitialized>
         <run_address>0x200</run_address>
         <size>0x6c</size>
      </object_component>
      <object_component id="oc-19a">
         <name>.common:ADC</name>
         <uninitialized>true</uninitialized>
         <run_address>0x26c</run_address>
         <size>0x8</size>
      </object_component>
      <object_component id="oc-b4">
         <name>.data</name>
         <load_address>0x28e</load_address>
         <run_address>0x28e</run_address>
         <size>0x10</size>
         <input_file_ref idref="fl-3"/>
      </object_component>
      <object_component id="oc-ca">
         <name>.data</name>
         <load_address>0x276</load_address>
         <run_address>0x276</run_address>
         <size>0x18</size>
         <input_file_ref idref="fl-2"/>
      </object_component>
      <object_component id="oc-31">
         <name>.debug_info</name>
         <load_address>0x0</load_address>
         <run_address>0x0</run_address>
         <size>0xe3</size>
         <input_file_ref idref="fl-3"/>
      </object_component>
      <object_component id="oc-37">
         <name>.debug_info</name>
         <load_address>0xe3</load_address>
         <run_address>0xe3</run_address>
         <size>0xed</size>
         <input_file_ref idref="fl-2"/>
      </object_component>
      <object_component id="oc-3a">
         <name>.debug_info</name>
         <load_address>0x1d0</load_address>
         <run_address>0x1d0</run_address>
         <size>0xf7</size>
         <input_file_ref idref="fl-3"/>
      </object_component>
      <object_component id="oc-3c">
         <name>.debug_info</name>
         <load_address>0x2c7</load_address>
         <run_address>0x2c7</run_address>
         <size>0xfd</size>
         <input_file_ref idref="fl-3"/>
      </object_component>
      <object_component id="oc-3f">
         <name>.debug_info</name>
         <load_address>0x3c4</load_address>
         <run_address>0x3c4</run_address>
         <size>0x125</size>
         <input_file_ref idref="fl-1f"/>
      </object_component>
      <object_component id="oc-45">
         <name>.debug_info</name>
         <load_address>0x4e9</load_address>
         <run_address>0x4e9</run_address>
         <size>0x194</size>
         <input_file_ref idref="fl-20"/>
      </object_component>
      <object_component id="oc-4b">
         <name>.debug_info</name>
         <load_address>0x67d</load_address>
         <run_address>0x67d</run_address>
         <size>0x16a</size>
         <input_file_ref idref="fl-22"/>
      </object_component>
      <object_component id="oc-4e">
         <name>.debug_info</name>
         <load_address>0x7e7</load_address>
         <run_address>0x7e7</run_address>
         <size>0x18e</size>
         <input_file_ref idref="fl-21"/>
      </object_component>
      <object_component id="oc-53">
         <name>.debug_info</name>
         <load_address>0x975</load_address>
         <run_address>0x975</run_address>
         <size>0xaa</size>
         <input_file_ref idref="fl-1f"/>
      </object_component>
      <object_component id="oc-56">
         <name>.debug_info</name>
         <load_address>0xa1f</load_address>
         <run_address>0xa1f</run_address>
         <size>0xc2</size>
         <input_file_ref idref="fl-31"/>
      </object_component>
      <object_component id="oc-5a">
         <name>.debug_info</name>
         <load_address>0xae1</load_address>
         <run_address>0xae1</run_address>
         <size>0x118</size>
         <input_file_ref idref="fl-3"/>
      </object_component>
      <object_component id="oc-60">
         <name>.debug_info</name>
         <load_address>0xbf9</load_address>
         <run_address>0xbf9</run_address>
         <size>0x32d</size>
         <input_file_ref idref="fl-3"/>
      </object_component>
      <object_component id="oc-62">
         <name>.debug_info</name>
         <load_address>0xf26</load_address>
         <run_address>0xf26</run_address>
         <size>0x4c5</size>
         <input_file_ref idref="fl-2"/>
      </object_component>
      <object_component id="oc-68">
         <name>.debug_info</name>
         <load_address>0x13eb</load_address>
         <run_address>0x13eb</run_address>
         <size>0x4d5</size>
         <input_file_ref idref="fl-2"/>
      </object_component>
      <object_component id="oc-6a">
         <name>.debug_info</name>
         <load_address>0x18c0</load_address>
         <run_address>0x18c0</run_address>
         <size>0x12c</size>
         <input_file_ref idref="fl-3"/>
      </object_component>
      <object_component id="oc-71">
         <name>.debug_info</name>
         <load_address>0x19ec</load_address>
         <run_address>0x19ec</run_address>
         <size>0x146</size>
         <input_file_ref idref="fl-3"/>
      </object_component>
      <object_component id="oc-7b">
         <name>.debug_info</name>
         <load_address>0x1b32</load_address>
         <run_address>0x1b32</run_address>
         <size>0xfd</size>
         <input_file_ref idref="fl-38"/>
      </object_component>
      <object_component id="oc-7f">
         <name>.debug_info</name>
         <load_address>0x1c2f</load_address>
         <run_address>0x1c2f</run_address>
         <size>0x14d</size>
         <input_file_ref idref="fl-3c"/>
      </object_component>
      <object_component id="oc-82">
         <name>.debug_info</name>
         <load_address>0x1d7c</load_address>
         <run_address>0x1d7c</run_address>
         <size>0x13a</size>
         <input_file_ref idref="fl-2"/>
      </object_component>
      <object_component id="oc-88">
         <name>.debug_info</name>
         <load_address>0x1eb6</load_address>
         <run_address>0x1eb6</run_address>
         <size>0xcc</size>
         <input_file_ref idref="fl-26"/>
      </object_component>
      <object_component id="oc-8d">
         <name>.debug_info</name>
         <load_address>0x1f82</load_address>
         <run_address>0x1f82</run_address>
         <size>0x157</size>
         <input_file_ref idref="fl-35"/>
      </object_component>
      <object_component id="oc-92">
         <name>.debug_info</name>
         <load_address>0x20d9</load_address>
         <run_address>0x20d9</run_address>
         <size>0x46</size>
         <input_file_ref idref="fl-20"/>
      </object_component>
      <object_component id="oc-97">
         <name>.debug_info</name>
         <load_address>0x211f</load_address>
         <run_address>0x211f</run_address>
         <size>0x164</size>
         <input_file_ref idref="fl-20"/>
      </object_component>
      <object_component id="oc-99">
         <name>.debug_info</name>
         <load_address>0x2283</load_address>
         <run_address>0x2283</run_address>
         <size>0x46</size>
         <input_file_ref idref="fl-22"/>
      </object_component>
      <object_component id="oc-9e">
         <name>.debug_info</name>
         <load_address>0x22c9</load_address>
         <run_address>0x22c9</run_address>
         <size>0x11f</size>
         <input_file_ref idref="fl-22"/>
      </object_component>
      <object_component id="oc-a0">
         <name>.debug_info</name>
         <load_address>0x23e8</load_address>
         <run_address>0x23e8</run_address>
         <size>0x1e9</size>
         <input_file_ref idref="fl-21"/>
      </object_component>
      <object_component id="oc-a5">
         <name>.debug_info</name>
         <load_address>0x25d1</load_address>
         <run_address>0x25d1</run_address>
         <size>0x129</size>
         <input_file_ref idref="fl-21"/>
      </object_component>
      <object_component id="oc-a6">
         <name>.debug_info</name>
         <load_address>0x26fa</load_address>
         <run_address>0x26fa</run_address>
         <size>0x39</size>
         <input_file_ref idref="fl-21"/>
      </object_component>
      <object_component id="oc-ad">
         <name>.debug_info</name>
         <load_address>0x2733</load_address>
         <run_address>0x2733</run_address>
         <size>0x84</size>
         <input_file_ref idref="fl-2"/>
      </object_component>
      <object_component id="oc-b5">
         <name>.debug_info</name>
         <load_address>0x27b7</load_address>
         <run_address>0x27b7</run_address>
         <size>0x1fe</size>
         <input_file_ref idref="fl-3"/>
      </object_component>
      <object_component id="oc-bc">
         <name>.debug_info</name>
         <load_address>0x29b5</load_address>
         <run_address>0x29b5</run_address>
         <size>0x123</size>
         <input_file_ref idref="fl-3"/>
      </object_component>
      <object_component id="oc-c2">
         <name>.debug_info</name>
         <load_address>0x2ad8</load_address>
         <run_address>0x2ad8</run_address>
         <size>0x125</size>
         <input_file_ref idref="fl-3"/>
      </object_component>
      <object_component id="oc-c6">
         <name>.debug_info</name>
         <load_address>0x2bfd</load_address>
         <run_address>0x2bfd</run_address>
         <size>0x125</size>
         <input_file_ref idref="fl-3"/>
      </object_component>
      <object_component id="oc-cb">
         <name>.debug_info</name>
         <load_address>0x2d22</load_address>
         <run_address>0x2d22</run_address>
         <size>0x282</size>
         <input_file_ref idref="fl-2"/>
      </object_component>
      <object_component id="oc-cd">
         <name>.debug_info</name>
         <load_address>0x2fa4</load_address>
         <run_address>0x2fa4</run_address>
         <size>0x141</size>
         <input_file_ref idref="fl-3"/>
      </object_component>
      <object_component id="oc-d2">
         <name>.debug_info</name>
         <load_address>0x30e5</load_address>
         <run_address>0x30e5</run_address>
         <size>0x12d</size>
         <input_file_ref idref="fl-3"/>
      </object_component>
      <object_component id="oc-d8">
         <name>.debug_info</name>
         <load_address>0x3212</load_address>
         <run_address>0x3212</run_address>
         <size>0xe8</size>
         <input_file_ref idref="fl-23"/>
      </object_component>
      <object_component id="oc-db">
         <name>.debug_info</name>
         <load_address>0x32fa</load_address>
         <run_address>0x32fa</run_address>
         <size>0xd4</size>
         <input_file_ref idref="fl-37"/>
      </object_component>
      <object_component id="oc-e0">
         <name>.debug_info</name>
         <load_address>0x33ce</load_address>
         <run_address>0x33ce</run_address>
         <size>0xea</size>
         <input_file_ref idref="fl-1e"/>
      </object_component>
      <object_component id="oc-eb">
         <name>.debug_info</name>
         <load_address>0x34b8</load_address>
         <run_address>0x34b8</run_address>
         <size>0x150</size>
         <input_file_ref idref="fl-2"/>
      </object_component>
      <object_component id="oc-ef">
         <name>.debug_info</name>
         <load_address>0x3608</load_address>
         <run_address>0x3608</run_address>
         <size>0x138</size>
         <input_file_ref idref="fl-4"/>
      </object_component>
      <object_component id="oc-f4">
         <name>.debug_info</name>
         <load_address>0x3740</load_address>
         <run_address>0x3740</run_address>
         <size>0x105</size>
         <input_file_ref idref="fl-4"/>
      </object_component>
      <object_component id="oc-f9">
         <name>.debug_info</name>
         <load_address>0x3845</load_address>
         <run_address>0x3845</run_address>
         <size>0x103</size>
         <input_file_ref idref="fl-4"/>
      </object_component>
      <object_component id="oc-100">
         <name>.debug_info</name>
         <load_address>0x3948</load_address>
         <run_address>0x3948</run_address>
         <size>0x10b</size>
         <input_file_ref idref="fl-4"/>
      </object_component>
      <object_component id="oc-105">
         <name>.debug_info</name>
         <load_address>0x3a53</load_address>
         <run_address>0x3a53</run_address>
         <size>0x138</size>
         <input_file_ref idref="fl-4"/>
      </object_component>
      <object_component id="oc-10a">
         <name>.debug_info</name>
         <load_address>0x3b8b</load_address>
         <run_address>0x3b8b</run_address>
         <size>0x147</size>
         <input_file_ref idref="fl-2"/>
      </object_component>
      <object_component id="oc-110">
         <name>.debug_info</name>
         <load_address>0x3cd2</load_address>
         <run_address>0x3cd2</run_address>
         <size>0x133</size>
         <input_file_ref idref="fl-3"/>
      </object_component>
      <object_component id="oc-116">
         <name>.debug_info</name>
         <load_address>0x3e05</load_address>
         <run_address>0x3e05</run_address>
         <size>0x118</size>
         <input_file_ref idref="fl-4"/>
      </object_component>
      <object_component id="oc-11a">
         <name>.debug_info</name>
         <load_address>0x3f1d</load_address>
         <run_address>0x3f1d</run_address>
         <size>0x2c</size>
         <input_file_ref idref="fl-2"/>
      </object_component>
      <object_component id="oc-124">
         <name>.debug_info</name>
         <load_address>0x3f49</load_address>
         <run_address>0x3f49</run_address>
         <size>0xd4</size>
         <input_file_ref idref="fl-24"/>
      </object_component>
      <object_component id="oc-12a">
         <name>.debug_info</name>
         <load_address>0x401d</load_address>
         <run_address>0x401d</run_address>
         <size>0xe1</size>
         <input_file_ref idref="fl-25"/>
      </object_component>
      <object_component id="oc-12d">
         <name>.debug_info</name>
         <load_address>0x40fe</load_address>
         <run_address>0x40fe</run_address>
         <size>0x2ba</size>
         <input_file_ref idref="fl-3c"/>
      </object_component>
      <object_component id="oc-130">
         <name>.debug_info</name>
         <load_address>0x43b8</load_address>
         <run_address>0x43b8</run_address>
         <size>0x15d</size>
         <input_file_ref idref="fl-3"/>
      </object_component>
      <object_component id="oc-136">
         <name>.debug_info</name>
         <load_address>0x4515</load_address>
         <run_address>0x4515</run_address>
         <size>0xf6</size>
         <input_file_ref idref="fl-2"/>
      </object_component>
      <object_component id="oc-139">
         <name>.debug_info</name>
         <load_address>0x460b</load_address>
         <run_address>0x460b</run_address>
         <size>0x111</size>
         <input_file_ref idref="fl-4"/>
      </object_component>
      <object_component id="oc-140">
         <name>.debug_info</name>
         <load_address>0x471c</load_address>
         <run_address>0x471c</run_address>
         <size>0x127</size>
         <input_file_ref idref="fl-35"/>
      </object_component>
      <object_component id="oc-141">
         <name>.debug_info</name>
         <load_address>0x4843</load_address>
         <run_address>0x4843</run_address>
         <size>0x2c</size>
         <input_file_ref idref="fl-22"/>
      </object_component>
      <object_component id="oc-146">
         <name>.debug_info</name>
         <load_address>0x486f</load_address>
         <run_address>0x486f</run_address>
         <size>0x2c</size>
         <input_file_ref idref="fl-20"/>
      </object_component>
      <object_component id="oc-163">
         <name>.debug_info</name>
         <load_address>0x489b</load_address>
         <run_address>0x489b</run_address>
         <size>0x16e</size>
         <input_file_ref idref="fl-4"/>
      </object_component>
      <object_component id="oc-176">
         <name>.debug_info</name>
         <load_address>0x4a09</load_address>
         <run_address>0x4a09</run_address>
         <size>0x39</size>
         <input_file_ref idref="fl-3c"/>
      </object_component>
      <object_component id="oc-17c">
         <name>.debug_info</name>
         <load_address>0x4a42</load_address>
         <run_address>0x4a42</run_address>
         <size>0x11f</size>
         <input_file_ref idref="fl-3"/>
      </object_component>
      <object_component id="oc-181">
         <name>.debug_info</name>
         <load_address>0x4b61</load_address>
         <run_address>0x4b61</run_address>
         <size>0x12b</size>
         <input_file_ref idref="fl-3"/>
      </object_component>
      <object_component id="oc-186">
         <name>.debug_info</name>
         <load_address>0x4c8c</load_address>
         <run_address>0x4c8c</run_address>
         <size>0x117</size>
         <input_file_ref idref="fl-3"/>
      </object_component>
      <object_component id="oc-190">
         <name>.debug_info</name>
         <load_address>0x4da3</load_address>
         <run_address>0x4da3</run_address>
         <size>0x29f</size>
         <input_file_ref idref="fl-36"/>
      </object_component>
      <object_component id="oc-195">
         <name>.debug_info</name>
         <load_address>0x5042</load_address>
         <run_address>0x5042</run_address>
         <size>0x13c</size>
         <input_file_ref idref="fl-27"/>
      </object_component>
      <object_component id="oc-1a0">
         <name>.debug_info</name>
         <load_address>0x517e</load_address>
         <run_address>0x517e</run_address>
         <size>0xd3</size>
         <input_file_ref idref="fl-3b"/>
      </object_component>
      <object_component id="oc-1a6">
         <name>.debug_info</name>
         <load_address>0x5251</load_address>
         <run_address>0x5251</run_address>
         <size>0x37b</size>
         <input_file_ref idref="fl-3d"/>
      </object_component>
      <object_component id="oc-1a9">
         <name>.debug_info</name>
         <load_address>0x55cc</load_address>
         <run_address>0x55cc</run_address>
         <size>0xd3</size>
         <input_file_ref idref="fl-3e"/>
      </object_component>
      <object_component id="oc-1ac">
         <name>.debug_info</name>
         <load_address>0x569f</load_address>
         <run_address>0x569f</run_address>
         <size>0x142</size>
         <input_file_ref idref="fl-36"/>
      </object_component>
      <object_component id="oc-1ad">
         <name>.debug_info</name>
         <load_address>0x57e1</load_address>
         <run_address>0x57e1</run_address>
         <size>0x94</size>
         <input_file_ref idref="fl-28"/>
      </object_component>
      <object_component id="oc-1b4">
         <name>.debug_info</name>
         <load_address>0x5875</load_address>
         <run_address>0x5875</run_address>
         <size>0x1b4</size>
         <input_file_ref idref="fl-28"/>
      </object_component>
      <object_component id="oc-1b8">
         <name>.debug_info</name>
         <load_address>0x5a29</load_address>
         <run_address>0x5a29</run_address>
         <size>0x105</size>
         <input_file_ref idref="fl-27"/>
      </object_component>
      <object_component id="oc-1bd">
         <name>.debug_info</name>
         <load_address>0x5b2e</load_address>
         <run_address>0x5b2e</run_address>
         <size>0xd9</size>
         <input_file_ref idref="fl-34"/>
      </object_component>
      <object_component id="oc-1bf">
         <name>.debug_info</name>
         <load_address>0x5c07</load_address>
         <run_address>0x5c07</run_address>
         <size>0xd4</size>
         <input_file_ref idref="fl-3f"/>
      </object_component>
      <object_component id="oc-1c3">
         <name>.debug_info</name>
         <load_address>0x5cdb</load_address>
         <run_address>0x5cdb</run_address>
         <size>0xd9</size>
         <input_file_ref idref="fl-40"/>
      </object_component>
      <object_component id="oc-1c8">
         <name>.debug_info</name>
         <load_address>0x5db4</load_address>
         <run_address>0x5db4</run_address>
         <size>0xd9</size>
         <input_file_ref idref="fl-32"/>
      </object_component>
      <object_component id="oc-1cb">
         <name>.debug_info</name>
         <load_address>0x5e8d</load_address>
         <run_address>0x5e8d</run_address>
         <size>0x129</size>
         <input_file_ref idref="fl-3d"/>
      </object_component>
      <object_component id="oc-1d0">
         <name>.debug_info</name>
         <load_address>0x5fb6</load_address>
         <run_address>0x5fb6</run_address>
         <size>0xd3</size>
         <input_file_ref idref="fl-33"/>
      </object_component>
      <object_component id="oc-1d5">
         <name>.debug_info</name>
         <load_address>0x6089</load_address>
         <run_address>0x6089</run_address>
         <size>0xd3</size>
         <input_file_ref idref="fl-34"/>
      </object_component>
      <object_component id="oc-1d8">
         <name>.debug_info</name>
         <load_address>0x615c</load_address>
         <run_address>0x615c</run_address>
         <size>0x106</size>
         <input_file_ref idref="fl-28"/>
      </object_component>
      <object_component id="oc-21f">
         <name>.debug_info</name>
         <load_address>0x6262</load_address>
         <run_address>0x6262</run_address>
         <size>0xa2</size>
      </object_component>
      <object_component id="oc-40">
         <name>.debug_line</name>
         <load_address>0x0</load_address>
         <run_address>0x0</run_address>
         <size>0x44</size>
         <input_file_ref idref="fl-1f"/>
      </object_component>
      <object_component id="oc-46">
         <name>.debug_line</name>
         <load_address>0x44</load_address>
         <run_address>0x44</run_address>
         <size>0x50</size>
         <input_file_ref idref="fl-20"/>
      </object_component>
      <object_component id="oc-4c">
         <name>.debug_line</name>
         <load_address>0x94</load_address>
         <run_address>0x94</run_address>
         <size>0x4a</size>
         <input_file_ref idref="fl-22"/>
      </object_component>
      <object_component id="oc-50">
         <name>.debug_line</name>
         <load_address>0xde</load_address>
         <run_address>0xde</run_address>
         <size>0x49</size>
         <input_file_ref idref="fl-21"/>
      </object_component>
      <object_component id="oc-57">
         <name>.debug_line</name>
         <load_address>0x127</load_address>
         <run_address>0x127</run_address>
         <size>0x3c</size>
         <input_file_ref idref="fl-31"/>
      </object_component>
      <object_component id="oc-5b">
         <name>.debug_line</name>
         <load_address>0x163</load_address>
         <run_address>0x163</run_address>
         <size>0x4c</size>
         <input_file_ref idref="fl-3"/>
      </object_component>
      <object_component id="oc-5f">
         <name>.debug_line</name>
         <load_address>0x1af</load_address>
         <run_address>0x1af</run_address>
         <size>0x36</size>
         <input_file_ref idref="fl-3"/>
      </object_component>
      <object_component id="oc-63">
         <name>.debug_line</name>
         <load_address>0x1e5</load_address>
         <run_address>0x1e5</run_address>
         <size>0x1a2</size>
         <input_file_ref idref="fl-2"/>
      </object_component>
      <object_component id="oc-67">
         <name>.debug_line</name>
         <load_address>0x387</load_address>
         <run_address>0x387</run_address>
         <size>0x2d</size>
         <input_file_ref idref="fl-2"/>
      </object_component>
      <object_component id="oc-6b">
         <name>.debug_line</name>
         <load_address>0x3b4</load_address>
         <run_address>0x3b4</run_address>
         <size>0x52</size>
         <input_file_ref idref="fl-3"/>
      </object_component>
      <object_component id="oc-6f">
         <name>.debug_line</name>
         <load_address>0x406</load_address>
         <run_address>0x406</run_address>
         <size>0x36</size>
         <input_file_ref idref="fl-3"/>
      </object_component>
      <object_component id="oc-72">
         <name>.debug_line</name>
         <load_address>0x43c</load_address>
         <run_address>0x43c</run_address>
         <size>0x5b</size>
         <input_file_ref idref="fl-3"/>
      </object_component>
      <object_component id="oc-76">
         <name>.debug_line</name>
         <load_address>0x497</load_address>
         <run_address>0x497</run_address>
         <size>0x36</size>
         <input_file_ref idref="fl-3"/>
      </object_component>
      <object_component id="oc-7a">
         <name>.debug_line</name>
         <load_address>0x4cd</load_address>
         <run_address>0x4cd</run_address>
         <size>0x3e</size>
         <input_file_ref idref="fl-38"/>
      </object_component>
      <object_component id="oc-7d">
         <name>.debug_line</name>
         <load_address>0x50b</load_address>
         <run_address>0x50b</run_address>
         <size>0x6b</size>
         <input_file_ref idref="fl-3c"/>
      </object_component>
      <object_component id="oc-83">
         <name>.debug_line</name>
         <load_address>0x576</load_address>
         <run_address>0x576</run_address>
         <size>0x49</size>
         <input_file_ref idref="fl-2"/>
      </object_component>
      <object_component id="oc-89">
         <name>.debug_line</name>
         <load_address>0x5bf</load_address>
         <run_address>0x5bf</run_address>
         <size>0x3a</size>
         <input_file_ref idref="fl-26"/>
      </object_component>
      <object_component id="oc-8e">
         <name>.debug_line</name>
         <load_address>0x5f9</load_address>
         <run_address>0x5f9</run_address>
         <size>0x45</size>
         <input_file_ref idref="fl-35"/>
      </object_component>
      <object_component id="oc-94">
         <name>.debug_line</name>
         <load_address>0x63e</load_address>
         <run_address>0x63e</run_address>
         <size>0x3a</size>
         <input_file_ref idref="fl-20"/>
      </object_component>
      <object_component id="oc-9b">
         <name>.debug_line</name>
         <load_address>0x678</load_address>
         <run_address>0x678</run_address>
         <size>0x34</size>
         <input_file_ref idref="fl-22"/>
      </object_component>
      <object_component id="oc-a2">
         <name>.debug_line</name>
         <load_address>0x6ac</load_address>
         <run_address>0x6ac</run_address>
         <size>0x80</size>
         <input_file_ref idref="fl-21"/>
      </object_component>
      <object_component id="oc-a8">
         <name>.debug_line</name>
         <load_address>0x72c</load_address>
         <run_address>0x72c</run_address>
         <size>0x39</size>
         <input_file_ref idref="fl-21"/>
      </object_component>
      <object_component id="oc-ac">
         <name>.debug_line</name>
         <load_address>0x765</load_address>
         <run_address>0x765</run_address>
         <size>0x2a</size>
         <input_file_ref idref="fl-1f"/>
      </object_component>
      <object_component id="oc-af">
         <name>.debug_line</name>
         <load_address>0x78f</load_address>
         <run_address>0x78f</run_address>
         <size>0x20</size>
         <input_file_ref idref="fl-2"/>
      </object_component>
      <object_component id="oc-ba">
         <name>.debug_line</name>
         <load_address>0x7af</load_address>
         <run_address>0x7af</run_address>
         <size>0x6b</size>
         <input_file_ref idref="fl-3"/>
      </object_component>
      <object_component id="oc-bd">
         <name>.debug_line</name>
         <load_address>0x81a</load_address>
         <run_address>0x81a</run_address>
         <size>0x49</size>
         <input_file_ref idref="fl-3"/>
      </object_component>
      <object_component id="oc-c1">
         <name>.debug_line</name>
         <load_address>0x863</load_address>
         <run_address>0x863</run_address>
         <size>0x49</size>
         <input_file_ref idref="fl-3"/>
      </object_component>
      <object_component id="oc-c7">
         <name>.debug_line</name>
         <load_address>0x8ac</load_address>
         <run_address>0x8ac</run_address>
         <size>0x49</size>
         <input_file_ref idref="fl-3"/>
      </object_component>
      <object_component id="oc-ce">
         <name>.debug_line</name>
         <load_address>0x8f5</load_address>
         <run_address>0x8f5</run_address>
         <size>0x50</size>
         <input_file_ref idref="fl-3"/>
      </object_component>
      <object_component id="oc-d3">
         <name>.debug_line</name>
         <load_address>0x945</load_address>
         <run_address>0x945</run_address>
         <size>0x51</size>
         <input_file_ref idref="fl-3"/>
      </object_component>
      <object_component id="oc-d7">
         <name>.debug_line</name>
         <load_address>0x996</load_address>
         <run_address>0x996</run_address>
         <size>0x4d</size>
         <input_file_ref idref="fl-23"/>
      </object_component>
      <object_component id="oc-dc">
         <name>.debug_line</name>
         <load_address>0x9e3</load_address>
         <run_address>0x9e3</run_address>
         <size>0x42</size>
         <input_file_ref idref="fl-37"/>
      </object_component>
      <object_component id="oc-e2">
         <name>.debug_line</name>
         <load_address>0xa25</load_address>
         <run_address>0xa25</run_address>
         <size>0x3c</size>
         <input_file_ref idref="fl-1e"/>
      </object_component>
      <object_component id="oc-ea">
         <name>.debug_line</name>
         <load_address>0xa61</load_address>
         <run_address>0xa61</run_address>
         <size>0x4f</size>
         <input_file_ref idref="fl-2"/>
      </object_component>
      <object_component id="oc-f0">
         <name>.debug_line</name>
         <load_address>0xab0</load_address>
         <run_address>0xab0</run_address>
         <size>0x49</size>
         <input_file_ref idref="fl-4"/>
      </object_component>
      <object_component id="oc-f5">
         <name>.debug_line</name>
         <load_address>0xaf9</load_address>
         <run_address>0xaf9</run_address>
         <size>0x4b</size>
         <input_file_ref idref="fl-4"/>
      </object_component>
      <object_component id="oc-fa">
         <name>.debug_line</name>
         <load_address>0xb44</load_address>
         <run_address>0xb44</run_address>
         <size>0x4b</size>
         <input_file_ref idref="fl-4"/>
      </object_component>
      <object_component id="oc-101">
         <name>.debug_line</name>
         <load_address>0xb8f</load_address>
         <run_address>0xb8f</run_address>
         <size>0x4a</size>
         <input_file_ref idref="fl-4"/>
      </object_component>
      <object_component id="oc-106">
         <name>.debug_line</name>
         <load_address>0xbd9</load_address>
         <run_address>0xbd9</run_address>
         <size>0x4b</size>
         <input_file_ref idref="fl-4"/>
      </object_component>
      <object_component id="oc-10c">
         <name>.debug_line</name>
         <load_address>0xc24</load_address>
         <run_address>0xc24</run_address>
         <size>0x4b</size>
         <input_file_ref idref="fl-2"/>
      </object_component>
      <object_component id="oc-111">
         <name>.debug_line</name>
         <load_address>0xc6f</load_address>
         <run_address>0xc6f</run_address>
         <size>0x52</size>
         <input_file_ref idref="fl-3"/>
      </object_component>
      <object_component id="oc-115">
         <name>.debug_line</name>
         <load_address>0xcc1</load_address>
         <run_address>0xcc1</run_address>
         <size>0x4b</size>
         <input_file_ref idref="fl-4"/>
      </object_component>
      <object_component id="oc-11c">
         <name>.debug_line</name>
         <load_address>0xd0c</load_address>
         <run_address>0xd0c</run_address>
         <size>0x36</size>
         <input_file_ref idref="fl-2"/>
      </object_component>
      <object_component id="oc-120">
         <name>.debug_line</name>
         <load_address>0xd42</load_address>
         <run_address>0xd42</run_address>
         <size>0xf7</size>
         <input_file_ref idref="fl-2"/>
      </object_component>
      <object_component id="oc-123">
         <name>.debug_line</name>
         <load_address>0xe39</load_address>
         <run_address>0xe39</run_address>
         <size>0x43</size>
         <input_file_ref idref="fl-24"/>
      </object_component>
      <object_component id="oc-12b">
         <name>.debug_line</name>
         <load_address>0xe7c</load_address>
         <run_address>0xe7c</run_address>
         <size>0x40</size>
         <input_file_ref idref="fl-25"/>
      </object_component>
      <object_component id="oc-12f">
         <name>.debug_line</name>
         <load_address>0xebc</load_address>
         <run_address>0xebc</run_address>
         <size>0x4b</size>
         <input_file_ref idref="fl-3"/>
      </object_component>
      <object_component id="oc-134">
         <name>.debug_line</name>
         <load_address>0xf07</load_address>
         <run_address>0xf07</run_address>
         <size>0x44</size>
         <input_file_ref idref="fl-2"/>
      </object_component>
      <object_component id="oc-13a">
         <name>.debug_line</name>
         <load_address>0xf4b</load_address>
         <run_address>0xf4b</run_address>
         <size>0x48</size>
         <input_file_ref idref="fl-4"/>
      </object_component>
      <object_component id="oc-143">
         <name>.debug_line</name>
         <load_address>0xf93</load_address>
         <run_address>0xf93</run_address>
         <size>0x44</size>
         <input_file_ref idref="fl-22"/>
      </object_component>
      <object_component id="oc-148">
         <name>.debug_line</name>
         <load_address>0xfd7</load_address>
         <run_address>0xfd7</run_address>
         <size>0x44</size>
         <input_file_ref idref="fl-20"/>
      </object_component>
      <object_component id="oc-14c">
         <name>.debug_line</name>
         <load_address>0x101b</load_address>
         <run_address>0x101b</run_address>
         <size>0x20</size>
         <input_file_ref idref="fl-20"/>
      </object_component>
      <object_component id="oc-14e">
         <name>.debug_line</name>
         <load_address>0x103b</load_address>
         <run_address>0x103b</run_address>
         <size>0x20</size>
         <input_file_ref idref="fl-22"/>
      </object_component>
      <object_component id="oc-151">
         <name>.debug_line</name>
         <load_address>0x105b</load_address>
         <run_address>0x105b</run_address>
         <size>0x20</size>
         <input_file_ref idref="fl-21"/>
      </object_component>
      <object_component id="oc-153">
         <name>.debug_line</name>
         <load_address>0x107b</load_address>
         <run_address>0x107b</run_address>
         <size>0x36</size>
         <input_file_ref idref="fl-3"/>
      </object_component>
      <object_component id="oc-158">
         <name>.debug_line</name>
         <load_address>0x10b1</load_address>
         <run_address>0x10b1</run_address>
         <size>0x2d</size>
         <input_file_ref idref="fl-2"/>
      </object_component>
      <object_component id="oc-164">
         <name>.debug_line</name>
         <load_address>0x10de</load_address>
         <run_address>0x10de</run_address>
         <size>0x51</size>
         <input_file_ref idref="fl-4"/>
      </object_component>
      <object_component id="oc-175">
         <name>.debug_line</name>
         <load_address>0x112f</load_address>
         <run_address>0x112f</run_address>
         <size>0x2e</size>
         <input_file_ref idref="fl-3c"/>
      </object_component>
      <object_component id="oc-178">
         <name>.debug_line</name>
         <load_address>0x115d</load_address>
         <run_address>0x115d</run_address>
         <size>0x2e</size>
         <input_file_ref idref="fl-3c"/>
      </object_component>
      <object_component id="oc-17d">
         <name>.debug_line</name>
         <load_address>0x118b</load_address>
         <run_address>0x118b</run_address>
         <size>0x57</size>
         <input_file_ref idref="fl-3"/>
      </object_component>
      <object_component id="oc-182">
         <name>.debug_line</name>
         <load_address>0x11e2</load_address>
         <run_address>0x11e2</run_address>
         <size>0x50</size>
         <input_file_ref idref="fl-3"/>
      </object_component>
      <object_component id="oc-187">
         <name>.debug_line</name>
         <load_address>0x1232</load_address>
         <run_address>0x1232</run_address>
         <size>0x49</size>
         <input_file_ref idref="fl-3"/>
      </object_component>
      <object_component id="oc-18e">
         <name>.debug_line</name>
         <load_address>0x127b</load_address>
         <run_address>0x127b</run_address>
         <size>0x20</size>
         <input_file_ref idref="fl-35"/>
      </object_component>
      <object_component id="oc-192">
         <name>.debug_line</name>
         <load_address>0x129b</load_address>
         <run_address>0x129b</run_address>
         <size>0x103</size>
         <input_file_ref idref="fl-36"/>
      </object_component>
      <object_component id="oc-198">
         <name>.debug_line</name>
         <load_address>0x139e</load_address>
         <run_address>0x139e</run_address>
         <size>0x3d</size>
         <input_file_ref idref="fl-27"/>
      </object_component>
      <object_component id="oc-1a1">
         <name>.debug_line</name>
         <load_address>0x13db</load_address>
         <run_address>0x13db</run_address>
         <size>0x4e</size>
         <input_file_ref idref="fl-3b"/>
      </object_component>
      <object_component id="oc-1a3">
         <name>.debug_line</name>
         <load_address>0x1429</load_address>
         <run_address>0x1429</run_address>
         <size>0xa8</size>
         <input_file_ref idref="fl-3d"/>
      </object_component>
      <object_component id="oc-1a8">
         <name>.debug_line</name>
         <load_address>0x14d1</load_address>
         <run_address>0x14d1</run_address>
         <size>0x4e</size>
         <input_file_ref idref="fl-3e"/>
      </object_component>
      <object_component id="oc-1af">
         <name>.debug_line</name>
         <load_address>0x151f</load_address>
         <run_address>0x151f</run_address>
         <size>0x2e</size>
         <input_file_ref idref="fl-28"/>
      </object_component>
      <object_component id="oc-1b3">
         <name>.debug_line</name>
         <load_address>0x154d</load_address>
         <run_address>0x154d</run_address>
         <size>0x5e</size>
         <input_file_ref idref="fl-28"/>
      </object_component>
      <object_component id="oc-1bc">
         <name>.debug_line</name>
         <load_address>0x15ab</load_address>
         <run_address>0x15ab</run_address>
         <size>0x65</size>
         <input_file_ref idref="fl-34"/>
      </object_component>
      <object_component id="oc-1c1">
         <name>.debug_line</name>
         <load_address>0x1610</load_address>
         <run_address>0x1610</run_address>
         <size>0x4b</size>
         <input_file_ref idref="fl-3f"/>
      </object_component>
      <object_component id="oc-1c4">
         <name>.debug_line</name>
         <load_address>0x165b</load_address>
         <run_address>0x165b</run_address>
         <size>0x56</size>
         <input_file_ref idref="fl-40"/>
      </object_component>
      <object_component id="oc-1c7">
         <name>.debug_line</name>
         <load_address>0x16b1</load_address>
         <run_address>0x16b1</run_address>
         <size>0x56</size>
         <input_file_ref idref="fl-32"/>
      </object_component>
      <object_component id="oc-1ce">
         <name>.debug_line</name>
         <load_address>0x1707</load_address>
         <run_address>0x1707</run_address>
         <size>0x2d</size>
         <input_file_ref idref="fl-36"/>
      </object_component>
      <object_component id="oc-1d2">
         <name>.debug_line</name>
         <load_address>0x1734</load_address>
         <run_address>0x1734</run_address>
         <size>0x5e</size>
         <input_file_ref idref="fl-33"/>
      </object_component>
      <object_component id="oc-1d6">
         <name>.debug_line</name>
         <load_address>0x1792</load_address>
         <run_address>0x1792</run_address>
         <size>0x42</size>
         <input_file_ref idref="fl-34"/>
      </object_component>
      <object_component id="oc-1da">
         <name>.debug_line</name>
         <load_address>0x17d4</load_address>
         <run_address>0x17d4</run_address>
         <size>0x20</size>
         <input_file_ref idref="fl-27"/>
      </object_component>
      <object_component id="oc-1e0">
         <name>.debug_line</name>
         <load_address>0x17f4</load_address>
         <run_address>0x17f4</run_address>
         <size>0x20</size>
         <input_file_ref idref="fl-3d"/>
      </object_component>
      <object_component id="oc-1e4">
         <name>.debug_line</name>
         <load_address>0x1814</load_address>
         <run_address>0x1814</run_address>
         <size>0x20</size>
         <input_file_ref idref="fl-28"/>
      </object_component>
      <object_component id="oc-41">
         <name>.debug_frame</name>
         <load_address>0x0</load_address>
         <run_address>0x0</run_address>
         <size>0x42</size>
         <input_file_ref idref="fl-1f"/>
      </object_component>
      <object_component id="oc-47">
         <name>.debug_frame</name>
         <load_address>0x42</load_address>
         <run_address>0x42</run_address>
         <size>0x47</size>
         <input_file_ref idref="fl-20"/>
      </object_component>
      <object_component id="oc-4a">
         <name>.debug_frame</name>
         <load_address>0x89</load_address>
         <run_address>0x89</run_address>
         <size>0x47</size>
         <input_file_ref idref="fl-22"/>
      </object_component>
      <object_component id="oc-4f">
         <name>.debug_frame</name>
         <load_address>0xd0</load_address>
         <run_address>0xd0</run_address>
         <size>0x47</size>
         <input_file_ref idref="fl-21"/>
      </object_component>
      <object_component id="oc-5c">
         <name>.debug_frame</name>
         <load_address>0x117</load_address>
         <run_address>0x117</run_address>
         <size>0x47</size>
         <input_file_ref idref="fl-3"/>
      </object_component>
      <object_component id="oc-64">
         <name>.debug_frame</name>
         <load_address>0x15e</load_address>
         <run_address>0x15e</run_address>
         <size>0xa3</size>
         <input_file_ref idref="fl-2"/>
      </object_component>
      <object_component id="oc-6d">
         <name>.debug_frame</name>
         <load_address>0x201</load_address>
         <run_address>0x201</run_address>
         <size>0x47</size>
         <input_file_ref idref="fl-3"/>
      </object_component>
      <object_component id="oc-74">
         <name>.debug_frame</name>
         <load_address>0x248</load_address>
         <run_address>0x248</run_address>
         <size>0x74</size>
         <input_file_ref idref="fl-3"/>
      </object_component>
      <object_component id="oc-78">
         <name>.debug_frame</name>
         <load_address>0x2bc</load_address>
         <run_address>0x2bc</run_address>
         <size>0x47</size>
         <input_file_ref idref="fl-38"/>
      </object_component>
      <object_component id="oc-80">
         <name>.debug_frame</name>
         <load_address>0x303</load_address>
         <run_address>0x303</run_address>
         <size>0x51</size>
         <input_file_ref idref="fl-3c"/>
      </object_component>
      <object_component id="oc-84">
         <name>.debug_frame</name>
         <load_address>0x354</load_address>
         <run_address>0x354</run_address>
         <size>0x47</size>
         <input_file_ref idref="fl-2"/>
      </object_component>
      <object_component id="oc-87">
         <name>.debug_frame</name>
         <load_address>0x39b</load_address>
         <run_address>0x39b</run_address>
         <size>0x47</size>
         <input_file_ref idref="fl-26"/>
      </object_component>
      <object_component id="oc-8f">
         <name>.debug_frame</name>
         <load_address>0x3e2</load_address>
         <run_address>0x3e2</run_address>
         <size>0x47</size>
         <input_file_ref idref="fl-35"/>
      </object_component>
      <object_component id="oc-a1">
         <name>.debug_frame</name>
         <load_address>0x429</load_address>
         <run_address>0x429</run_address>
         <size>0x51</size>
         <input_file_ref idref="fl-21"/>
      </object_component>
      <object_component id="oc-be">
         <name>.debug_frame</name>
         <load_address>0x47a</load_address>
         <run_address>0x47a</run_address>
         <size>0x47</size>
         <input_file_ref idref="fl-3"/>
      </object_component>
      <object_component id="oc-c3">
         <name>.debug_frame</name>
         <load_address>0x4c1</load_address>
         <run_address>0x4c1</run_address>
         <size>0x47</size>
         <input_file_ref idref="fl-3"/>
      </object_component>
      <object_component id="oc-c8">
         <name>.debug_frame</name>
         <load_address>0x508</load_address>
         <run_address>0x508</run_address>
         <size>0x47</size>
         <input_file_ref idref="fl-3"/>
      </object_component>
      <object_component id="oc-d0">
         <name>.debug_frame</name>
         <load_address>0x54f</load_address>
         <run_address>0x54f</run_address>
         <size>0x47</size>
         <input_file_ref idref="fl-3"/>
      </object_component>
      <object_component id="oc-d5">
         <name>.debug_frame</name>
         <load_address>0x596</load_address>
         <run_address>0x596</run_address>
         <size>0x47</size>
         <input_file_ref idref="fl-3"/>
      </object_component>
      <object_component id="oc-e1">
         <name>.debug_frame</name>
         <load_address>0x5dd</load_address>
         <run_address>0x5dd</run_address>
         <size>0x47</size>
         <input_file_ref idref="fl-1e"/>
      </object_component>
      <object_component id="oc-ec">
         <name>.debug_frame</name>
         <load_address>0x624</load_address>
         <run_address>0x624</run_address>
         <size>0x50</size>
         <input_file_ref idref="fl-2"/>
      </object_component>
      <object_component id="oc-f1">
         <name>.debug_frame</name>
         <load_address>0x674</load_address>
         <run_address>0x674</run_address>
         <size>0x47</size>
         <input_file_ref idref="fl-4"/>
      </object_component>
      <object_component id="oc-f6">
         <name>.debug_frame</name>
         <load_address>0x6bb</load_address>
         <run_address>0x6bb</run_address>
         <size>0x47</size>
         <input_file_ref idref="fl-4"/>
      </object_component>
      <object_component id="oc-fb">
         <name>.debug_frame</name>
         <load_address>0x702</load_address>
         <run_address>0x702</run_address>
         <size>0x47</size>
         <input_file_ref idref="fl-4"/>
      </object_component>
      <object_component id="oc-103">
         <name>.debug_frame</name>
         <load_address>0x749</load_address>
         <run_address>0x749</run_address>
         <size>0x47</size>
         <input_file_ref idref="fl-4"/>
      </object_component>
      <object_component id="oc-107">
         <name>.debug_frame</name>
         <load_address>0x790</load_address>
         <run_address>0x790</run_address>
         <size>0x47</size>
         <input_file_ref idref="fl-4"/>
      </object_component>
      <object_component id="oc-10b">
         <name>.debug_frame</name>
         <load_address>0x7d7</load_address>
         <run_address>0x7d7</run_address>
         <size>0x47</size>
         <input_file_ref idref="fl-2"/>
      </object_component>
      <object_component id="oc-113">
         <name>.debug_frame</name>
         <load_address>0x81e</load_address>
         <run_address>0x81e</run_address>
         <size>0x47</size>
         <input_file_ref idref="fl-3"/>
      </object_component>
      <object_component id="oc-117">
         <name>.debug_frame</name>
         <load_address>0x865</load_address>
         <run_address>0x865</run_address>
         <size>0x47</size>
         <input_file_ref idref="fl-4"/>
      </object_component>
      <object_component id="oc-131">
         <name>.debug_frame</name>
         <load_address>0x8ac</load_address>
         <run_address>0x8ac</run_address>
         <size>0x47</size>
         <input_file_ref idref="fl-3"/>
      </object_component>
      <object_component id="oc-135">
         <name>.debug_frame</name>
         <load_address>0x8f3</load_address>
         <run_address>0x8f3</run_address>
         <size>0x47</size>
         <input_file_ref idref="fl-2"/>
      </object_component>
      <object_component id="oc-13b">
         <name>.debug_frame</name>
         <load_address>0x93a</load_address>
         <run_address>0x93a</run_address>
         <size>0x47</size>
         <input_file_ref idref="fl-4"/>
      </object_component>
      <object_component id="oc-166">
         <name>.debug_frame</name>
         <load_address>0x981</load_address>
         <run_address>0x981</run_address>
         <size>0x56</size>
         <input_file_ref idref="fl-4"/>
      </object_component>
      <object_component id="oc-17f">
         <name>.debug_frame</name>
         <load_address>0x9d7</load_address>
         <run_address>0x9d7</run_address>
         <size>0x47</size>
         <input_file_ref idref="fl-3"/>
      </object_component>
      <object_component id="oc-184">
         <name>.debug_frame</name>
         <load_address>0xa1e</load_address>
         <run_address>0xa1e</run_address>
         <size>0x47</size>
         <input_file_ref idref="fl-3"/>
      </object_component>
      <object_component id="oc-188">
         <name>.debug_frame</name>
         <load_address>0xa65</load_address>
         <run_address>0xa65</run_address>
         <size>0x47</size>
         <input_file_ref idref="fl-3"/>
      </object_component>
      <object_component id="oc-191">
         <name>.debug_frame</name>
         <load_address>0xaac</load_address>
         <run_address>0xaac</run_address>
         <size>0x85</size>
         <input_file_ref idref="fl-36"/>
      </object_component>
      <object_component id="oc-196">
         <name>.debug_frame</name>
         <load_address>0xb31</load_address>
         <run_address>0xb31</run_address>
         <size>0x47</size>
         <input_file_ref idref="fl-27"/>
      </object_component>
      <object_component id="oc-1a5">
         <name>.debug_frame</name>
         <load_address>0xb78</load_address>
         <run_address>0xb78</run_address>
         <size>0x98</size>
         <input_file_ref idref="fl-3d"/>
      </object_component>
      <object_component id="oc-1b6">
         <name>.debug_frame</name>
         <load_address>0xc10</load_address>
         <run_address>0xc10</run_address>
         <size>0x4e</size>
         <input_file_ref idref="fl-28"/>
      </object_component>
      <object_component id="oc-42">
         <name>.debug_aranges</name>
         <load_address>0x0</load_address>
         <run_address>0x0</run_address>
         <size>0x20</size>
         <input_file_ref idref="fl-1f"/>
      </object_component>
      <object_component id="oc-44">
         <name>.debug_aranges</name>
         <load_address>0x20</load_address>
         <run_address>0x20</run_address>
         <size>0x20</size>
         <input_file_ref idref="fl-20"/>
      </object_component>
      <object_component id="oc-49">
         <name>.debug_aranges</name>
         <load_address>0x40</load_address>
         <run_address>0x40</run_address>
         <size>0x20</size>
         <input_file_ref idref="fl-22"/>
      </object_component>
      <object_component id="oc-51">
         <name>.debug_aranges</name>
         <load_address>0x60</load_address>
         <run_address>0x60</run_address>
         <size>0x20</size>
         <input_file_ref idref="fl-21"/>
      </object_component>
      <object_component id="oc-58">
         <name>.debug_aranges</name>
         <load_address>0x80</load_address>
         <run_address>0x80</run_address>
         <size>0x20</size>
         <input_file_ref idref="fl-31"/>
      </object_component>
      <object_component id="oc-5d">
         <name>.debug_aranges</name>
         <load_address>0xa0</load_address>
         <run_address>0xa0</run_address>
         <size>0x20</size>
         <input_file_ref idref="fl-3"/>
      </object_component>
      <object_component id="oc-65">
         <name>.debug_aranges</name>
[...]
         <name>__mspabi_divu</name>
         <value>0xceba</value>
         <object_component_ref idref="oc-122"/>
      </symbol>
      <symbol id="sm-23b">
         <name>__mspabi_func_epilog_2</name>
         <value>0xcf7e</value>
         <object_component_ref idref="oc-128"/>
      </symbol>
      <symbol id="sm-23c">
         <name>__mspabi_func_epilog_3</name>
         <value>0xcf7c</value>
         <object_component_ref idref="oc-128"/>
      </symbol>
      <symbol id="sm-23d">
         <name>__mspabi_func_epilog_1</name>
         <value>0xcf80</value>
         <object_component_ref idref="oc-128"/>
      </symbol>
      <symbol id="sm-23e">
         <name>__mspabi_func_epilog_6</name>
         <value>0xcf76</value>
         <object_component_ref idref="oc-128"/>
      </symbol>
      <symbol id="sm-23f">
         <name>__mspabi_func_epilog_7</name>
         <value>0xcf74</value>
         <object_component_ref idref="oc-128"/>
      </symbol>
      <symbol id="sm-240">
         <name>__mspabi_func_epilog_4</name>
         <value>0xcf7a</value>
         <object_component_ref idref="oc-128"/>
      </symbol>
      <symbol id="sm-241">
         <name>__mspabi_func_epilog_5</name>
         <value>0xcf78</value>
         <object_component_ref idref="oc-128"/>
      </symbol>
      <symbol id="sm-24a">
         <name>C$$EXIT</name>
         <value>0xd012</value>
         <object_component_ref idref="oc-86"/>
      </symbol>
      <symbol id="sm-24b">
         <name>abort</name>
         <value>0xd012</value>
         <object_component_ref idref="oc-86"/>
      </symbol>
      <symbol id="sm-25a">
         <name>__mspabi_fixdi</name>
         <value>0xcde2</value>
         <object_component_ref idref="oc-194"/>
      </symbol>
      <symbol id="sm-270">
         <name>__mspabi_fixdli</name>
         <value>0xc966</value>
         <object_component_ref idref="oc-1b2"/>
      </symbol>
      <symbol id="sm-273">
         <name>__TI_int02</name>
         <value>0xffe4</value>
         <object_component_ref idref="oc-2e"/>
      </symbol>
      <symbol id="sm-276">
         <name>__TI_int03</name>
         <value>0xffe6</value>
         <object_component_ref idref="oc-2f"/>
      </symbol>
      <symbol id="sm-279">
         <name>__TI_int06</name>
         <value>0xffec</value>
         <object_component_ref idref="oc-32"/>
      </symbol>
      <symbol id="sm-27c">
         <name>__TI_int07</name>
         <value>0xffee</value>
         <object_component_ref idref="oc-33"/>
      </symbol>
      <symbol id="sm-27f">
         <name>__TI_int08</name>
         <value>0xfff0</value>
         <object_component_ref idref="oc-34"/>
      </symbol>
      <symbol id="sm-282">
         <name>__TI_int09</name>
         <value>0xfff2</value>
         <object_component_ref idref="oc-35"/>
      </symbol>
      <symbol id="sm-285">
         <name>__TI_int11</name>
         <value>0xfff6</value>
         <object_component_ref idref="oc-38"/>
      </symbol>
      <symbol id="sm-288">
         <name>__TI_int14</name>
         <value>0xfffc</value>
         <object_component_ref idref="oc-3d"/>
      </symbol>
      <symbol id="sm-28f">
         <name>__TI_ISR_TRAP</name>
         <value>0xcfea</value>
         <object_component_ref idref="oc-55"/>
      </symbol>
      <symbol id="sm-296">
         <name>__mspabi_slll_9</name>
         <value>0xcce2</value>
         <object_component_ref idref="oc-1c6"/>
      </symbol>
      <symbol id="sm-297">
         <name>__mspabi_slll_8</name>
         <value>0xcce6</value>
         <object_component_ref idref="oc-1c6"/>
      </symbol>
      <symbol id="sm-298">
         <name>__mspabi_slll_7</name>
         <value>0xccea</value>
         <object_component_ref idref="oc-1c6"/>
      </symbol>
      <symbol id="sm-299">
         <name>__mspabi_slll_6</name>
         <value>0xccee</value>
         <object_component_ref idref="oc-1c6"/>
      </symbol>
      <symbol id="sm-29a">
         <name>__mspabi_slll_5</name>
         <value>0xccf2</value>
         <object_component_ref idref="oc-1c6"/>
      </symbol>
      <symbol id="sm-29b">
         <name>__mspabi_slll_4</name>
         <value>0xccf6</value>
         <object_component_ref idref="oc-1c6"/>
      </symbol>
      <symbol id="sm-29c">
         <name>__mspabi_slll_3</name>
         <value>0xccfa</value>
         <object_component_ref idref="oc-1c6"/>
      </symbol>
      <symbol id="sm-29d">
         <name>__mspabi_slll_2</name>
         <value>0xccfe</value>
         <object_component_ref idref="oc-1c6"/>
      </symbol>
      <symbol id="sm-29e">
         <name>__mspabi_slll_1</name>
         <value>0xcd02</value>
         <object_component_ref idref="oc-1c6"/>
      </symbol>
      <symbol id="sm-29f">
         <name>__mspabi_slll_15</name>
         <value>0xccca</value>
         <object_component_ref idref="oc-1c6"/>
      </symbol>
      <symbol id="sm-2a0">
         <name>__mspabi_slll_14</name>
         <value>0xccce</value>
         <object_component_ref idref="oc-1c6"/>
      </symbol>
      <symbol id="sm-2a1">
         <name>__mspabi_slll_13</name>
         <value>0xccd2</value>
         <object_component_ref idref="oc-1c6"/>
      </symbol>
      <symbol id="sm-2a2">
         <name>__mspabi_slll_12</name>
         <value>0xccd6</value>
         <object_component_ref idref="oc-1c6"/>
      </symbol>
      <symbol id="sm-2a3">
         <name>__mspabi_slll_11</name>
         <value>0xccda</value>
         <object_component_ref idref="oc-1c6"/>
      </symbol>
      <symbol id="sm-2a4">
         <name>__mspabi_slll_10</name>
         <value>0xccde</value>
         <object_component_ref idref="oc-1c6"/>
      </symbol>
      <symbol id="sm-2ab">
         <name>__mspabi_srli_8</name>
         <value>0xcc28</value>
         <object_component_ref idref="oc-1cf"/>
      </symbol>
      <symbol id="sm-2ac">
         <name>__mspabi_srli_9</name>
         <value>0xcc24</value>
         <object_component_ref idref="oc-1cf"/>
      </symbol>
      <symbol id="sm-2ad">
         <name>__mspabi_srli_6</name>
         <value>0xcc30</value>
         <object_component_ref idref="oc-1cf"/>
      </symbol>
      <symbol id="sm-2ae">
         <name>__mspabi_srli_7</name>
         <value>0xcc2c</value>
         <object_component_ref idref="oc-1cf"/>
      </symbol>
      <symbol id="sm-2af">
         <name>__mspabi_srli_4</name>
         <value>0xcc38</value>
         <object_component_ref idref="oc-1cf"/>
      </symbol>
      <symbol id="sm-2b0">
         <name>__mspabi_srli_5</name>
         <value>0xcc34</value>
         <object_component_ref idref="oc-1cf"/>
      </symbol>
      <symbol id="sm-2b1">
         <name>__mspabi_srli_2</name>
         <value>0xcc40</value>
         <object_component_ref idref="oc-1cf"/>
      </symbol>
      <symbol id="sm-2b2">
         <name>__mspabi_srli_3</name>
         <value>0xcc3c</value>
         <object_component_ref idref="oc-1cf"/>
      </symbol>
      <symbol id="sm-2b3">
         <name>__mspabi_srli_1</name>
         <value>0xcc44</value>
         <object_component_ref idref="oc-1cf"/>
      </symbol>
      <symbol id="sm-2b4">
         <name>__mspabi_srli</name>
         <value>0xcbfe</value>
         <object_component_ref idref="oc-1cf"/>
      </symbol>
      <symbol id="sm-2b5">
         <name>__mspabi_srli_15</name>
         <value>0xcc0c</value>
         <object_component_ref idref="oc-1cf"/>
      </symbol>
      <symbol id="sm-2b6">
         <name>__mspabi_srli_14</name>
         <value>0xcc10</value>
         <object_component_ref idref="oc-1cf"/>
      </symbol>
      <symbol id="sm-2b7">
         <name>__mspabi_srli_13</name>
         <value>0xcc14</value>
         <object_component_ref idref="oc-1cf"/>
      </symbol>
      <symbol id="sm-2b8">
         <name>__mspabi_srli_12</name>
         <value>0xcc18</value>
         <object_component_ref idref="oc-1cf"/>
      </symbol>
      <symbol id="sm-2b9">
         <name>__mspabi_srli_11</name>
         <value>0xcc1c</value>
         <object_component_ref idref="oc-1cf"/>
      </symbol>
      <symbol id="sm-2ba">
         <name>__mspabi_srli_10</name>
         <value>0xcc20</value>
         <object_component_ref idref="oc-1cf"/>
      </symbol>
      <symbol id="sm-2c8">
         <name>__mspabi_srll_8</name>
         <value>0xcad4</value>
         <object_component_ref idref="oc-1ba"/>
      </symbol>
      <symbol id="sm-2c9">
         <name>__mspabi_srll_9</name>
         <value>0xcace</value>
         <object_component_ref idref="oc-1ba"/>
      </symbol>
      <symbol id="sm-2ca">
         <name>__mspabi_srll_6</name>
         <value>0xcae0</value>
         <object_component_ref idref="oc-1ba"/>
      </symbol>
      <symbol id="sm-2cb">
         <name>__mspabi_srll_7</name>
         <value>0xcada</value>
         <object_component_ref idref="oc-1ba"/>
      </symbol>
      <symbol id="sm-2cc">
         <name>__mspabi_srll_4</name>
         <value>0xcaec</value>
         <object_component_ref idref="oc-1ba"/>
      </symbol>
      <symbol id="sm-2cd">
         <name>__mspabi_srll_5</name>
         <value>0xcae6</value>
         <object_component_ref idref="oc-1ba"/>
      </symbol>
      <symbol id="sm-2ce">
         <name>__mspabi_srll_2</name>
         <value>0xcaf8</value>
         <object_component_ref idref="oc-1ba"/>
      </symbol>
      <symbol id="sm-2cf">
         <name>__mspabi_srll_3</name>
         <value>0xcaf2</value>
         <object_component_ref idref="oc-1ba"/>
      </symbol>
      <symbol id="sm-2d0">
         <name>__mspabi_srll_1</name>
         <value>0xcafe</value>
         <object_component_ref idref="oc-1ba"/>
      </symbol>
      <symbol id="sm-2d1">
         <name>__mspabi_srll_15</name>
         <value>0xcaaa</value>
         <object_component_ref idref="oc-1ba"/>
      </symbol>
      <symbol id="sm-2d2">
         <name>__mspabi_srll_14</name>
         <value>0xcab0</value>
         <object_component_ref idref="oc-1ba"/>
      </symbol>
      <symbol id="sm-2d3">
         <name>__mspabi_srll_13</name>
         <value>0xcab6</value>
         <object_component_ref idref="oc-1ba"/>
      </symbol>
      <symbol id="sm-2d4">
         <name>__mspabi_srll_12</name>
         <value>0xcabc</value>
         <object_component_ref idref="oc-1ba"/>
      </symbol>
      <symbol id="sm-2d5">
         <name>__mspabi_srll_11</name>
         <value>0xcac2</value>
         <object_component_ref idref="oc-1ba"/>
      </symbol>
      <symbol id="sm-2d6">
         <name>__mspabi_srll_10</name>
         <value>0xcac8</value>
         <object_component_ref idref="oc-1ba"/>
      </symbol>
      <symbol id="sm-2d7">
         <name>__mspabi_srll</name>
         <value>0xcf1e</value>
         <object_component_ref idref="oc-1d3"/>
      </symbol>
      <symbol id="sm-2e4">
         <name>memcpy</name>
         <value>0xcf30</value>
         <object_component_ref idref="oc-8c"/>
      </symbol>
      <symbol id="sm-305">
         <name>__mspabi_mpyd</name>
         <value>0xc710</value>
         <object_component_ref idref="oc-18f"/>
      </symbol>
      <symbol id="sm-30e">
         <name>__mspabi_mpyi</name>
         <value>0xcee4</value>
         <object_component_ref idref="oc-da"/>
      </symbol>
      <symbol id="sm-316">
         <name>_system_pre_init</name>
         <value>0xd00e</value>
         <object_component_ref idref="oc-77"/>
      </symbol>
      <symbol id="sm-31f">
         <name>__mspabi_srai</name>
         <value>0xcd34</value>
         <object_component_ref idref="oc-19e"/>
      </symbol>
      <symbol id="sm-320">
         <name>__mspabi_srai_8</name>
         <value>0xcd4e</value>
         <object_component_ref idref="oc-19e"/>
      </symbol>
      <symbol id="sm-321">
         <name>__mspabi_srai_9</name>
         <value>0xcd4c</value>
         <object_component_ref idref="oc-19e"/>
      </symbol>
      <symbol id="sm-322">
         <name>__mspabi_srai_6</name>
         <value>0xcd52</value>
         <object_component_ref idref="oc-19e"/>
      </symbol>
      <symbol id="sm-323">
         <name>__mspabi_srai_7</name>
         <value>0xcd50</value>
         <object_component_ref idref="oc-19e"/>
      </symbol>
      <symbol id="sm-324">
         <name>__mspabi_srai_4</name>
         <value>0xcd56</value>
         <object_component_ref idref="oc-19e"/>
      </symbol>
      <symbol id="sm-325">
         <name>__mspabi_srai_5</name>
         <value>0xcd54</value>
         <object_component_ref idref="oc-19e"/>
      </symbol>
      <symbol id="sm-326">
         <name>__mspabi_srai_2</name>
         <value>0xcd5a</value>
         <object_component_ref idref="oc-19e"/>
      </symbol>
      <symbol id="sm-327">
         <name>__mspabi_srai_3</name>
         <value>0xcd58</value>
         <object_component_ref idref="oc-19e"/>
      </symbol>
      <symbol id="sm-328">
         <name>__mspabi_srai_1</name>
         <value>0xcd5c</value>
         <object_component_ref idref="oc-19e"/>
      </symbol>
      <symbol id="sm-329">
         <name>__mspabi_srai_15</name>
         <value>0xcd40</value>
         <object_component_ref idref="oc-19e"/>
      </symbol>
      <symbol id="sm-32a">
         <name>__mspabi_srai_14</name>
         <value>0xcd42</value>
         <object_component_ref idref="oc-19e"/>
      </symbol>
      <symbol id="sm-32b">
         <name>__mspabi_srai_13</name>
         <value>0xcd44</value>
         <object_component_ref idref="oc-19e"/>
      </symbol>
      <symbol id="sm-32c">
         <name>__mspabi_srai_12</name>
         <value>0xcd46</value>
         <object_component_ref idref="oc-19e"/>
      </symbol>
      <symbol id="sm-32d">
         <name>__mspabi_srai_11</name>
         <value>0xcd48</value>
         <object_component_ref idref="oc-19e"/>
      </symbol>
      <symbol id="sm-32e">
         <name>__mspabi_srai_10</name>
         <value>0xcd4a</value>
         <object_component_ref idref="oc-19e"/>
      </symbol>
      <symbol id="sm-343">
         <name>_auto_init</name>
         <value>0xca4c</value>
         <object_component_ref idref="oc-7c"/>
      </symbol>
      <symbol id="sm-353">
         <name>__TI_frcmpyd</name>
         <value>0xc418</value>
         <object_component_ref idref="oc-1a2"/>
      </symbol>
      <symbol id="sm-35a">
         <name>__mspabi_slli</name>
         <value>0xcd8c</value>
         <object_component_ref idref="oc-1a7"/>
      </symbol>
      <symbol id="sm-35b">
         <name>__mspabi_slli_9</name>
         <value>0xcda4</value>
         <object_component_ref idref="oc-1a7"/>
      </symbol>
      <symbol id="sm-35c">
         <name>__mspabi_slli_8</name>
         <value>0xcda6</value>
         <object_component_ref idref="oc-1a7"/>
      </symbol>
      <symbol id="sm-35d">
         <name>__mspabi_slli_7</name>
         <value>0xcda8</value>
         <object_component_ref idref="oc-1a7"/>
      </symbol>
      <symbol id="sm-35e">
         <name>__mspabi_slli_6</name>
         <value>0xcdaa</value>
         <object_component_ref idref="oc-1a7"/>
      </symbol>
      <symbol id="sm-35f">
         <name>__mspabi_slli_5</name>
         <value>0xcdac</value>
         <object_component_ref idref="oc-1a7"/>
      </symbol>
      <symbol id="sm-360">
         <name>__mspabi_slli_4</name>
         <value>0xcdae</value>
         <object_component_ref idref="oc-1a7"/>
      </symbol>
      <symbol id="sm-361">
         <name>__mspabi_slli_3</name>
         <value>0xcdb0</value>
         <object_component_ref idref="oc-1a7"/>
      </symbol>
      <symbol id="sm-362">
         <name>__mspabi_slli_2</name>
         <value>0xcdb2</value>
         <object_component_ref idref="oc-1a7"/>
      </symbol>
      <symbol id="sm-363">
         <name>__mspabi_slli_1</name>
         <value>0xcdb4</value>
         <object_component_ref idref="oc-1a7"/>
      </symbol>
      <symbol id="sm-364">
         <name>__mspabi_slli_15</name>
         <value>0xcd98</value>
         <object_component_ref idref="oc-1a7"/>
      </symbol>
      <symbol id="sm-365">
         <name>__mspabi_slli_14</name>
         <value>0xcd9a</value>
         <object_component_ref idref="oc-1a7"/>
      </symbol>
      <symbol id="sm-366">
         <name>__mspabi_slli_13</name>
         <value>0xcd9c</value>
         <object_component_ref idref="oc-1a7"/>
      </symbol>
      <symbol id="sm-367">
         <name>__mspabi_slli_12</name>
         <value>0xcd9e</value>
         <object_component_ref idref="oc-1a7"/>
      </symbol>
      <symbol id="sm-368">
         <name>__mspabi_slli_11</name>
         <value>0xcda0</value>
         <object_component_ref idref="oc-1a7"/>
      </symbol>
      <symbol id="sm-369">
         <name>__mspabi_slli_10</name>
         <value>0xcda2</value>
         <object_component_ref idref="oc-1a7"/>
      </symbol>
      <symbol id="sm-372">
         <name>__mspabi_mpyl</name>
         <value>0xce30</value>
         <object_component_ref idref="oc-1be"/>
      </symbol>
      <symbol id="sm-379">
         <name>__mspabi_sral_15</name>
         <value>0xcc8c</value>
         <object_component_ref idref="oc-1c2"/>
      </symbol>
      <symbol id="sm-37a">
         <name>__mspabi_sral_14</name>
         <value>0xcc90</value>
         <object_component_ref idref="oc-1c2"/>
      </symbol>
      <symbol id="sm-37b">
         <name>__mspabi_sral_13</name>
         <value>0xcc94</value>
         <object_component_ref idref="oc-1c2"/>
      </symbol>
      <symbol id="sm-37c">
         <name>__mspabi_sral_12</name>
         <value>0xcc98</value>
         <object_component_ref idref="oc-1c2"/>
      </symbol>
      <symbol id="sm-37d">
         <name>__mspabi_sral_11</name>
         <value>0xcc9c</value>
         <object_component_ref idref="oc-1c2"/>
      </symbol>
      <symbol id="sm-37e">
         <name>__mspabi_sral_10</name>
         <value>0xcca0</value>
         <object_component_ref idref="oc-1c2"/>
      </symbol>
      <symbol id="sm-37f">
         <name>__mspabi_sral_8</name>
         <value>0xcca8</value>
         <object_component_ref idref="oc-1c2"/>
      </symbol>
      <symbol id="sm-380">
         <name>__mspabi_sral_9</name>
         <value>0xcca4</value>
         <object_component_ref idref="oc-1c2"/>
      </symbol>
      <symbol id="sm-381">
         <name>__mspabi_sral_6</name>
         <value>0xccb0</value>
         <object_component_ref idref="oc-1c2"/>
      </symbol>
      <symbol id="sm-382">
         <name>__mspabi_sral_7</name>
         <value>0xccac</value>
         <object_component_ref idref="oc-1c2"/>
      </symbol>
      <symbol id="sm-383">
         <name>__mspabi_sral_4</name>
         <value>0xccb8</value>
         <object_component_ref idref="oc-1c2"/>
      </symbol>
      <symbol id="sm-384">
         <name>__mspabi_sral_5</name>
         <value>0xccb4</value>
         <object_component_ref idref="oc-1c2"/>
      </symbol>
      <symbol id="sm-385">
         <name>__mspabi_sral_2</name>
         <value>0xccc0</value>
         <object_component_ref idref="oc-1c2"/>
      </symbol>
      <symbol id="sm-386">
         <name>__mspabi_sral_3</name>
         <value>0xccbc</value>
         <object_component_ref idref="oc-1c2"/>
      </symbol>
      <symbol id="sm-387">
         <name>__mspabi_sral_1</name>
         <value>0xccc4</value>
         <object_component_ref idref="oc-1c2"/>
      </symbol>
      <symbol id="sm-388">
         <name>__TI_exit</name>
         <value>0x1</value>
      </symbol>
      <symbol id="sm-389">
         <name>__TI_args_main</name>
         <value>0x1</value>
      </symbol>
      <symbol id="sm-38a">
         <name>__TI_INITARRAY_Base</name>
         <value>0x0</value>
      </symbol>
      <symbol id="sm-38b">
         <name>__TI_INITARRAY_Limit</name>
         <value>0x0</value>
      </symbol>
   </symbol_table>
   <title>Link successful</title>
</link_info>
