******************************************************************************
                  MSP430 Linker PC v4.2.1                      
******************************************************************************
>> Linked Tue Apr 29 03:10:59 2014

OUTPUT FILE NAME:   <SelfDrivingCar.out>
ENTRY POINT SYMBOL: "_c_int00"  address: 0000cb90


MEMORY CONFIGURATION

         name            origin    length      used     unused   attr    fill
----------------------  --------  ---------  --------  --------  ----  --------
  SFR                   00000000   00000010  00000000  00000010  RWIX
  PERIPHERALS_8BIT      00000010   000000f0  00000000  000000f0  RWIX
  PERIPHERALS_16BIT     00000100   00000100  00000000  00000100  RWIX
  RAM                   00000200   00000200  00000074  0000018c  RWIX
  INFOD                 00001000   00000040  00000000  00000040  RWIX
  INFOC                 00001040   00000040  00000000  00000040  RWIX
  INFOB                 00001080   00000040  00000000  00000040  RWIX
  INFOA                 000010c0   00000040  00000000  00000040  RWIX
  FLASH                 0000c000   00003fe0  00000d0e  000032d2  RWIX
  INT00                 0000ffe0   00000002  00000000  00000002  RWIX
  INT01                 0000ffe2   00000002  00000000  00000002  RWIX
  INT02                 0000ffe4   00000002  00000002  00000000  RWIX
  INT03                 0000ffe6   00000002  00000002  00000000  RWIX
  INT04                 0000ffe8   00000002  00000000  00000002  RWIX
  INT05                 0000ffea   00000002  00000002  00000000  RWIX
  INT06                 0000ffec   00000002  00000002  00000000  RWIX
  INT07                 0000ffee   00000002  00000002  00000000  RWIX
  INT08                 0000fff0   00000002  00000002  00000000  RWIX
  INT09                 0000fff2   00000002  00000002  00000000  RWIX
  INT10                 0000fff4   00000002  00000002  00000000  RWIX
  INT11                 0000fff6   00000002  00000002  00000000  RWIX
  INT12                 0000fff8   00000002  00000002  00000000  RWIX
  INT13                 0000fffa   00000002  00000002  00000000  RWIX
  INT14                 0000fffc   00000002  00000002  00000000  RWIX
  RESET                 0000fffe   00000002  00000002  00000000  RWIX


SECTION ALLOCATION MAP

 output                                  attributes/
section   page    origin      length       input sections
--------  ----  ----------  ----------   ----------------
.init_array 
*          0    0000c000    00000000     UNINITIALIZED

.data      0    00000200    0000001c     UNINITIALIZED
                  00000200    00000010     main.obj (.data)
                  00000210    0000000c     SensorCollect.obj (.data)

.TI.persistent 
*          0    00000200    00000000     UNINITIALIZED

.bss       0    0000021c    00000008     UNINITIALIZED
                  0000021c    00000008     (.common:ADC)

.TI.noinit 
*          0    0000021c    00000000     UNINITIALIZED

.stack     0    000003b0    00000050     UNINITIALIZED
                  000003b0    00000002     rts430_eabi.lib : boot.obj (.stack)
                  000003b2    0000004e     --HOLE--

.text      0    0000c000    00000ce8     
                  0000c000    000002f8     rts430_eabi.lib : frcmpyd.obj (.text:__TI_frcmpyd)
                  0000c2f8    00000256                     : mpyd.obj (.text:__mspabi_mpyd)
                  0000c54e    000001f2     main.obj (.text:WDT_interval_handler)
                  0000c740    00000088     rts430_eabi.lib : fixdli.obj (.text:__mspabi_fixdli)
                  0000c7c8    0000005e                     : copy_decompress_rle.obj (.text:__TI_decompress_rle_core)
                  0000c826    0000005e                     : autoinit.obj (.text:_auto_init)
                  0000c884    0000005c                     : lsr32.obj (.text:l_lsr_const)
                  0000c8e0    00000052     MotorOutput.obj (.text:init_PWM_timer)
                  0000c932    0000004c     rts430_eabi.lib : lsr16.obj (.text)
                  0000c97e    0000004c     SensorCollect.obj (.text:ultrasonic_timer_handler)
                  0000c9ca    0000003e     rts430_eabi.lib : asr32.obj (.text:l_asr_const)
                  0000ca08    0000003e                     : lsl32.obj (.text:l_lsl_const)
                  0000ca46    0000002c     SensorCollect.obj (.text:init_sensor_adc)
                  0000ca72    0000002c     rts430_eabi.lib : asr16.obj (.text)
                  0000ca9e    0000002c                     : div16s.obj (.text)
                  0000caca    0000002c                     : lsl16.obj (.text)
                  0000caf6    00000028                     : fixdi.obj (.text:__mspabi_fixdi)
                  0000cb1e    00000026     main.obj (.text:main)
                  0000cb44    00000026     SensorCollect.obj (.text:make_front_measurement)
                  0000cb6a    00000026     rts430_eabi.lib : mult32.obj (.text)
                  0000cb90    0000001a                     : boot.obj (.text:_c_int00_noexit)
                  0000cbaa    0000001a     SensorCollect.obj (.text:init_ultrasonic_timer)
                  0000cbc4    00000018     SensorCollect.obj (.text:adc_handler)
                  0000cbdc    00000016     rts430_eabi.lib : div16u.obj (.text)
                  0000cbf2    00000014                     : copy_zero_init.obj (.text:decompress:ZI:__TI_zero_init)
                  0000cc06    00000014     MotorOutput.obj (.text:stop)
                  0000cc1a    00000012     rts430_eabi.lib : copy_decompress_none.obj (.text:decompress:none:__TI_decompress_none)
                  0000cc2c    00000012                     : lsr32.obj (.text:l_lsr)
                  0000cc3e    00000012                     : memcpy.obj (.text:memcpy)
                  0000cc50    00000010     MotorOutput.obj (.text:forward)
                  0000cc60    00000010     MotorOutput.obj (.text:reverse)
                  0000cc70    00000010     rts430_eabi.lib : epilog.obj (.text)
                  0000cc80    0000000e     MotorOutput.obj (.text:init_motors)
                  0000cc8e    0000000e     MotorOutput.obj (.text:left)
                  0000cc9c    0000000e     MotorOutput.obj (.text:right)
                  0000ccaa    0000000c     main.obj (.text:init_wdt)
                  0000ccb6    0000000a     SensorCollect.obj (.text:init_sensors)
                  0000ccc0    00000008     MotorOutput.obj (.text:straight)
                  0000ccc8    00000006     rts430_eabi.lib : isr_trap.obj (.text:__TI_ISR_TRAP)
                  0000ccce    00000006                     : copy_decompress_rle.obj (.text:decompress:rle24:__TI_decompress_rle24)
                  0000ccd4    00000006     SensorCollect.obj (.text:get_latest_left)
                  0000ccda    00000006     SensorCollect.obj (.text:get_latest_right)
                  0000cce0    00000004     rts430_eabi.lib : pre_init.obj (.text:_system_pre_init)
                  0000cce4    00000004                     : exit.obj (.text:abort)

.cinit     0    0000cce8    00000026     
                  0000cce8    00000014     (.cinit..data.load) [load image, compression = rle]
                  0000ccfc    00000006     (__TI_handler_table)
                  0000cd02    00000004     (.cinit..bss.load) [load image, compression = zero_init]
                  0000cd06    00000008     (__TI_cinit_table)

PORT1      0    0000ffe4    00000002     
                  0000ffe4    00000002     rts430_eabi.lib : int02.obj (.int02)

PORT2      0    0000ffe6    00000002     
                  0000ffe6    00000002     rts430_eabi.lib : int03.obj (.int03)

ADC10      0    0000ffea    00000002     
                  0000ffea    00000002     SensorCollect.obj (.int05)

USCIAB0TX 
*          0    0000ffec    00000002     
                  0000ffec    00000002     rts430_eabi.lib : int06.obj (.int06)

USCIAB0RX 
*          0    0000ffee    00000002     
                  0000ffee    00000002     rts430_eabi.lib : int07.obj (.int07)

TIMER0_A1 
*          0    0000fff0    00000002     
                  0000fff0    00000002     rts430_eabi.lib : int08.obj (.int08)

TIMER0_A0 
*          0    0000fff2    00000002     
                  0000fff2    00000002     rts430_eabi.lib : int09.obj (.int09)

WDT        0    0000fff4    00000002     
                  0000fff4    00000002     main.obj (.int10)

COMPARATORA 
*          0    0000fff6    00000002     
                  0000fff6    00000002     rts430_eabi.lib : int11.obj (.int11)

TIMER1_A1 
*          0    0000fff8    00000002     
                  0000fff8    00000002     rts430_eabi.lib : int12.obj (.int12)

TIMER1_A0 
*          0    0000fffa    00000002     
                  0000fffa    00000002     SensorCollect.obj (.int13)

NMI        0    0000fffc    00000002     
                  0000fffc    00000002     rts430_eabi.lib : int14.obj (.int14)

.reset     0    0000fffe    00000002     
                  0000fffe    00000002     rts430_eabi.lib : boot.obj (.reset)


LINKER GENERATED COPY TABLES

__TI_cinit_table @ 0000cd06 records: 2, size/record: 4, table size: 8
	.data: load addr=0000cce8, load size=00000014 bytes, run addr=00000200, run size=0000001c bytes, compression=rle
	.bss: load addr=0000cd02, load size=00000004 bytes, run addr=0000021c, run size=00000008 bytes, compression=zero_init


LINKER GENERATED HANDLER TABLE

__TI_handler_table @ 0000ccfc records: 3, size/record: 2, table size: 6
	index: 0, handler: __TI_zero_init
	index: 1, handler: __TI_decompress_rle24
	index: 2, handler: __TI_decompress_none


GLOBAL SYMBOLS: SORTED ALPHABETICALLY BY Name 

address    name
--------   ----
0000021c   ADC
0000004a   ADC10AE0
000001b0   ADC10CTL0
000001b2   ADC10CTL1
00000048   ADC10DTC0
00000049   ADC10DTC1
000001b4   ADC10MEM
000001bc   ADC10SA
00000057   BCSCTL1
00000058   BCSCTL2
00000053   BCSCTL3
0000cce4   C$$EXIT
00000059   CACTL1
0000005a   CACTL2
000010fb   CALBC1_12MHZ
000010f9   CALBC1_16MHZ
000010ff   CALBC1_1MHZ
000010fd   CALBC1_8MHZ
000010fa   CALDCO_12MHZ
000010f8   CALDCO_16MHZ
000010fe   CALDCO_1MHZ
000010fc   CALDCO_8MHZ
0000005b   CAPD
00000056   DCOCTL
00000128   FCTL1
0000012a   FCTL2
0000012c   FCTL3
00000000   IE1
00000001   IE2
00000002   IFG1
00000003   IFG2
00000022   P1DIR
00000025   P1IE
00000024   P1IES
00000023   P1IFG
00000020   P1IN
00000021   P1OUT
00000027   P1REN
00000026   P1SEL
00000041   P1SEL2
0000002a   P2DIR
0000002d   P2IE
0000002c   P2IES
0000002b   P2IFG
00000028   P2IN
00000029   P2OUT
0000002f   P2REN
0000002e   P2SEL
00000042   P2SEL2
0000001a   P3DIR
00000018   P3IN
00000019   P3OUT
00000010   P3REN
0000001b   P3SEL
00000043   P3SEL2
00000172   TA0CCR0
00000174   TA0CCR1
00000176   TA0CCR2
00000162   TA0CCTL0
00000164   TA0CCTL1
00000166   TA0CCTL2
00000160   TA0CTL
0000012e   TA0IV
00000170   TA0R
00000192   TA1CCR0
00000194   TA1CCR1
00000196   TA1CCR2
00000182   TA1CCTL0
00000184   TA1CCTL1
00000186   TA1CCTL2
00000180   TA1CTL
0000011e   TA1IV
00000190   TA1R
0000005d   UCA0ABCTL
00000062   UCA0BR0
00000063   UCA0BR1
00000060   UCA0CTL0
00000061   UCA0CTL1
0000005f   UCA0IRRCTL
0000005e   UCA0IRTCTL
00000064   UCA0MCTL
00000066   UCA0RXBUF
00000065   UCA0STAT
00000067   UCA0TXBUF
0000006a   UCB0BR0
0000006b   UCB0BR1
00000068   UCB0CTL0
00000069   UCB0CTL1
0000006c   UCB0I2CIE
00000118   UCB0I2COA
0000011a   UCB0I2CSA
0000006e   UCB0RXBUF
0000006d   UCB0STAT
0000006f   UCB0TXBUF
00000120   WDTCTL
0000c54e   WDT_interval_handler
0000fff4   WDT_interval_handler_ptr
00000400   __STACK_END
00000050   __STACK_SIZE
0000cd06   __TI_CINIT_Base
0000cd0e   __TI_CINIT_Limit
0000ccfc   __TI_Handler_Table_Base
0000cd02   __TI_Handler_Table_Limit
UNDEFED    __TI_INITARRAY_Base
UNDEFED    __TI_INITARRAY_Limit
0000ccc8   __TI_ISR_TRAP
00000001   __TI_args_main
0000cc1a   __TI_decompress_none
0000ccce   __TI_decompress_rle24
00000001   __TI_exit
0000c000   __TI_frcmpyd
0000ffe4   __TI_int02
0000ffe6   __TI_int03
0000ffea   __TI_int05
0000ffec   __TI_int06
0000ffee   __TI_int07
0000fff0   __TI_int08
0000fff2   __TI_int09
0000fff4   __TI_int10
0000fff6   __TI_int11
0000fff8   __TI_int12
0000fffa   __TI_int13
0000fffc   __TI_int14
0000cbf2   __TI_zero_init
ffffffff   __binit__
ffffffff   __c_args__
0000ca9e   __mspabi_divi
0000cbdc   __mspabi_divu
0000caf6   __mspabi_fixdi
0000c740   __mspabi_fixdli
0000cc7c   __mspabi_func_epilog_1
0000cc7a   __mspabi_func_epilog_2
0000cc78   __mspabi_func_epilog_3
0000cc76   __mspabi_func_epilog_4
0000cc74   __mspabi_func_epilog_5
0000cc72   __mspabi_func_epilog_6
0000cc70   __mspabi_func_epilog_7
0000c2f8   __mspabi_mpyd
0000cb6a   __mspabi_mpyl
0000ca9e   __mspabi_remi
0000cbdc   __mspabi_remu
0000caca   __mspabi_slli
0000caf2   __mspabi_slli_1
0000cae0   __mspabi_slli_10
0000cade   __mspabi_slli_11
0000cadc   __mspabi_slli_12
0000cada   __mspabi_slli_13
0000cad8   __mspabi_slli_14
0000cad6   __mspabi_slli_15
0000caf0   __mspabi_slli_2
0000caee   __mspabi_slli_3
0000caec   __mspabi_slli_4
0000caea   __mspabi_slli_5
0000cae8   __mspabi_slli_6
0000cae6   __mspabi_slli_7
0000cae4   __mspabi_slli_8
0000cae2   __mspabi_slli_9
0000ca40   __mspabi_slll_1
0000ca1c   __mspabi_slll_10
0000ca18   __mspabi_slll_11
0000ca14   __mspabi_slll_12
0000ca10   __mspabi_slll_13
0000ca0c   __mspabi_slll_14
0000ca08   __mspabi_slll_15
0000ca3c   __mspabi_slll_2
0000ca38   __mspabi_slll_3
0000ca34   __mspabi_slll_4
0000ca30   __mspabi_slll_5
0000ca2c   __mspabi_slll_6
0000ca28   __mspabi_slll_7
0000ca24   __mspabi_slll_8
0000ca20   __mspabi_slll_9
0000ca72   __mspabi_srai
0000ca9a   __mspabi_srai_1
0000ca88   __mspabi_srai_10
0000ca86   __mspabi_srai_11
0000ca84   __mspabi_srai_12
0000ca82   __mspabi_srai_13
0000ca80   __mspabi_srai_14
0000ca7e   __mspabi_srai_15
0000ca98   __mspabi_srai_2
0000ca96   __mspabi_srai_3
0000ca94   __mspabi_srai_4
0000ca92   __mspabi_srai_5
0000ca90   __mspabi_srai_6
0000ca8e   __mspabi_srai_7
0000ca8c   __mspabi_srai_8
0000ca8a   __mspabi_srai_9
0000ca02   __mspabi_sral_1
0000c9de   __mspabi_sral_10
0000c9da   __mspabi_sral_11
0000c9d6   __mspabi_sral_12
0000c9d2   __mspabi_sral_13
0000c9ce   __mspabi_sral_14
0000c9ca   __mspabi_sral_15
0000c9fe   __mspabi_sral_2
0000c9fa   __mspabi_sral_3
0000c9f6   __mspabi_sral_4
0000c9f2   __mspabi_sral_5
0000c9ee   __mspabi_sral_6
0000c9ea   __mspabi_sral_7
0000c9e6   __mspabi_sral_8
0000c9e2   __mspabi_sral_9
0000c932   __mspabi_srli
0000c978   __mspabi_srli_1
0000c954   __mspabi_srli_10
0000c950   __mspabi_srli_11
0000c94c   __mspabi_srli_12
0000c948   __mspabi_srli_13
0000c944   __mspabi_srli_14
0000c940   __mspabi_srli_15
0000c974   __mspabi_srli_2
0000c970   __mspabi_srli_3
0000c96c   __mspabi_srli_4
0000c968   __mspabi_srli_5
0000c964   __mspabi_srli_6
0000c960   __mspabi_srli_7
0000c95c   __mspabi_srli_8
0000c958   __mspabi_srli_9
0000cc2c   __mspabi_srll
0000c8d8   __mspabi_srll_1
0000c8a2   __mspabi_srll_10
0000c89c   __mspabi_srll_11
0000c896   __mspabi_srll_12
0000c890   __mspabi_srll_13
0000c88a   __mspabi_srll_14
0000c884   __mspabi_srll_15
0000c8d2   __mspabi_srll_2
0000c8cc   __mspabi_srll_3
0000c8c6   __mspabi_srll_4
0000c8c0   __mspabi_srll_5
0000c8ba   __mspabi_srll_6
0000c8b4   __mspabi_srll_7
0000c8ae   __mspabi_srll_8
0000c8a8   __mspabi_srll_9
0000c826   _auto_init
0000cb90   _c_int00
0000cb90   _c_int00_noexit
0000fffe   _reset_vector
000003b0   _stack
0000cce0   _system_pre_init
0000cce4   abort
0000cbc4   adc_handler
0000ffea   adc_handler_ptr
ffffffff   binit
00000200   defaultPWM
0000cc50   forward
0000021a   front_final
00000218   front_initial
00000216   front_state
0000ccd4   get_latest_left
0000ccda   get_latest_right
0000c8e0   init_PWM_timer
0000cc80   init_motors
0000ca46   init_sensor_adc
0000ccb6   init_sensors
0000cbaa   init_ultrasonic_timer
0000ccaa   init_wdt
00000214   latest_front
00000210   latest_left
00000212   latest_right
0000cc8e   left
0000cb1e   main
0000cb44   make_front_measurement
0000cc3e   memcpy
0000020c   ps
0000cc60   reverse
0000cc9c   right
0000020a   sensor_conversions_front
00000208   sensor_conversions_side
0000cc06   stop
0000ccc0   straight
0000020e   turnAroundCounter
0000020d   turningAround
0000c97e   ultrasonic_timer_handler
0000fffa   ultrasonic_timer_handler_ptr


GLOBAL SYMBOLS: SORTED BY Symbol Address 

address    name
--------   ----
00000000   IE1
00000001   IE2
00000001   __TI_args_main
00000001   __TI_exit
00000002   IFG1
00000003   IFG2
00000010   P3REN
00000018   P3IN
00000019   P3OUT
0000001a   P3DIR
0000001b   P3SEL
00000020   P1IN
00000021   P1OUT
00000022   P1DIR
00000023   P1IFG
00000024   P1IES
00000025   P1IE
00000026   P1SEL
00000027   P1REN
00000028   P2IN
00000029   P2OUT
0000002a   P2DIR
0000002b   P2IFG
0000002c   P2IES
0000002d   P2IE
0000002e   P2SEL
0000002f   P2REN
00000041   P1SEL2
00000042   P2SEL2
00000043   P3SEL2
00000048   ADC10DTC0
00000049   ADC10DTC1
0000004a   ADC10AE0
00000050   __STACK_SIZE
00000053   BCSCTL3
00000056   DCOCTL
00000057   BCSCTL1
00000058   BCSCTL2
00000059   CACTL1
0000005a   CACTL2
0000005b   CAPD
0000005d   UCA0ABCTL
0000005e   UCA0IRTCTL
0000005f   UCA0IRRCTL
00000060   UCA0CTL0
00000061   UCA0CTL1
00000062   UCA0BR0
00000063   UCA0BR1
00000064   UCA0MCTL
00000065   UCA0STAT
00000066   UCA0RXBUF
00000067   UCA0TXBUF
00000068   UCB0CTL0
00000069   UCB0CTL1
0000006a   UCB0BR0
0000006b   UCB0BR1
0000006c   UCB0I2CIE
0000006d   UCB0STAT
0000006e   UCB0RXBUF
0000006f   UCB0TXBUF
00000118   UCB0I2COA
0000011a   UCB0I2CSA
0000011e   TA1IV
00000120   WDTCTL
00000128   FCTL1
0000012a   FCTL2
0000012c   FCTL3
0000012e   TA0IV
00000160   TA0CTL
00000162   TA0CCTL0
00000164   TA0CCTL1
00000166   TA0CCTL2
00000170   TA0R
00000172   TA0CCR0
00000174   TA0CCR1
00000176   TA0CCR2
00000180   TA1CTL
00000182   TA1CCTL0
00000184   TA1CCTL1
00000186   TA1CCTL2
00000190   TA1R
00000192   TA1CCR0
00000194   TA1CCR1
00000196   TA1CCR2
000001b0   ADC10CTL0
000001b2   ADC10CTL1
000001b4   ADC10MEM
000001bc   ADC10SA
00000200   defaultPWM
00000208   sensor_conversions_side
0000020a   sensor_conversions_front
0000020c   ps
0000020d   turningAround
0000020e   turnAroundCounter
00000210   latest_left
00000212   latest_right
00000214   latest_front
00000216   front_state
00000218   front_initial
0000021a   front_final
0000021c   ADC
000003b0   _stack
00000400   __STACK_END
000010f8   CALDCO_16MHZ
000010f9   CALBC1_16MHZ
000010fa   CALDCO_12MHZ
000010fb   CALBC1_12MHZ
000010fc   CALDCO_8MHZ
000010fd   CALBC1_8MHZ
000010fe   CALDCO_1MHZ
000010ff   CALBC1_1MHZ
0000c000   __TI_frcmpyd
0000c2f8   __mspabi_mpyd
0000c54e   WDT_interval_handler
0000c740   __mspabi_fixdli
0000c826   _auto_init
0000c884   __mspabi_srll_15
0000c88a   __mspabi_srll_14
0000c890   __mspabi_srll_13
0000c896   __mspabi_srll_12
0000c89c   __mspabi_srll_11
0000c8a2   __mspabi_srll_10
0000c8a8   __mspabi_srll_9
0000c8ae   __mspabi_srll_8
0000c8b4   __mspabi_srll_7
0000c8ba   __mspabi_srll_6
0000c8c0   __mspabi_srll_5
0000c8c6   __mspabi_srll_4
0000c8cc   __mspabi_srll_3
0000c8d2   __mspabi_srll_2
0000c8d8   __mspabi_srll_1
0000c8e0   init_PWM_timer
0000c932   __mspabi_srli
0000c940   __mspabi_srli_15
0000c944   __mspabi_srli_14
0000c948   __mspabi_srli_13
0000c94c   __mspabi_srli_12
0000c950   __mspabi_srli_11
0000c954   __mspabi_srli_10
0000c958   __mspabi_srli_9
0000c95c   __mspabi_srli_8
0000c960   __mspabi_srli_7
0000c964   __mspabi_srli_6
0000c968   __mspabi_srli_5
0000c96c   __mspabi_srli_4
0000c970   __mspabi_srli_3
0000c974   __mspabi_srli_2
0000c978   __mspabi_srli_1
0000c97e   ultrasonic_timer_handler
0000c9ca   __mspabi_sral_15
0000c9ce   __mspabi_sral_14
0000c9d2   __mspabi_sral_13
0000c9d6   __mspabi_sral_12
0000c9da   __mspabi_sral_11
0000c9de   __mspabi_sral_10
0000c9e2   __mspabi_sral_9
0000c9e6   __mspabi_sral_8
0000c9ea   __mspabi_sral_7
0000c9ee   __mspabi_sral_6
0000c9f2   __mspabi_sral_5
0000c9f6   __mspabi_sral_4
0000c9fa   __mspabi_sral_3
0000c9fe   __mspabi_sral_2
0000ca02   __mspabi_sral_1
0000ca08   __mspabi_slll_15
0000ca0c   __mspabi_slll_14
0000ca10   __mspabi_slll_13
0000ca14   __mspabi_slll_12
0000ca18   __mspabi_slll_11
0000ca1c   __mspabi_slll_10
0000ca20   __mspabi_slll_9
0000ca24   __mspabi_slll_8
0000ca28   __mspabi_slll_7
0000ca2c   __mspabi_slll_6
0000ca30   __mspabi_slll_5
0000ca34   __mspabi_slll_4
0000ca38   __mspabi_slll_3
0000ca3c   __mspabi_slll_2
0000ca40   __mspabi_slll_1
0000ca46   init_sensor_adc
0000ca72   __mspabi_srai
0000ca7e   __mspabi_srai_15
0000ca80   __mspabi_srai_14
0000ca82   __mspabi_srai_13
0000ca84   __mspabi_srai_12
0000ca86   __mspabi_srai_11
0000ca88   __mspabi_srai_10
0000ca8a   __mspabi_srai_9
0000ca8c   __mspabi_srai_8
0000ca8e   __mspabi_srai_7
0000ca90   __mspabi_srai_6
0000ca92   __mspabi_srai_5
0000ca94   __mspabi_srai_4
0000ca96   __mspabi_srai_3
0000ca98   __mspabi_srai_2
0000ca9a   __mspabi_srai_1
0000ca9e   __mspabi_divi
0000ca9e   __mspabi_remi
0000caca   __mspabi_slli
0000cad6   __mspabi_slli_15
0000cad8   __mspabi_slli_14
0000cada   __mspabi_slli_13
0000cadc   __mspabi_slli_12
0000cade   __mspabi_slli_11
0000cae0   __mspabi_slli_10
0000cae2   __mspabi_slli_9
0000cae4   __mspabi_slli_8
0000cae6   __mspabi_slli_7
0000cae8   __mspabi_slli_6
0000caea   __mspabi_slli_5
0000caec   __mspabi_slli_4
0000caee   __mspabi_slli_3
0000caf0   __mspabi_slli_2
0000caf2   __mspabi_slli_1
0000caf6   __mspabi_fixdi
0000cb1e   main
0000cb44   make_front_measurement
0000cb6a   __mspabi_mpyl
0000cb90   _c_int00
0000cb90   _c_int00_noexit
0000cbaa   init_ultrasonic_timer
0000cbc4   adc_handler
0000cbdc   __mspabi_divu
0000cbdc   __mspabi_remu
0000cbf2   __TI_zero_init
0000cc06   stop
0000cc1a   __TI_decompress_none
0000cc2c   __mspabi_srll
0000cc3e   memcpy
0000cc50   forward
0000cc60   reverse
0000cc70   __mspabi_func_epilog_7
0000cc72   __mspabi_func_epilog_6
0000cc74   __mspabi_func_epilog_5
0000cc76   __mspabi_func_epilog_4
0000cc78   __mspabi_func_epilog_3
0000cc7a   __mspabi_func_epilog_2
0000cc7c   __mspabi_func_epilog_1
0000cc80   init_motors
0000cc8e   left
0000cc9c   right
0000ccaa   init_wdt
0000ccb6   init_sensors
0000ccc0   straight
0000ccc8   __TI_ISR_TRAP
0000ccce   __TI_decompress_rle24
0000ccd4   get_latest_left
0000ccda   get_latest_right
0000cce0   _system_pre_init
0000cce4   C$$EXIT
0000cce4   abort
0000ccfc   __TI_Handler_Table_Base
0000cd02   __TI_Handler_Table_Limit
0000cd06   __TI_CINIT_Base
0000cd0e   __TI_CINIT_Limit
0000ffe4   __TI_int02
0000ffe6   __TI_int03
0000ffea   __TI_int05
0000ffea   adc_handler_ptr
0000ffec   __TI_int06
0000ffee   __TI_int07
0000fff0   __TI_int08
0000fff2   __TI_int09
0000fff4   WDT_interval_handler_ptr
0000fff4   __TI_int10
0000fff6   __TI_int11
0000fff8   __TI_int12
0000fffa   __TI_int13
0000fffa   ultrasonic_timer_handler_ptr
0000fffc   __TI_int14
0000fffe   _reset_vector
ffffffff   __binit__
ffffffff   __c_args__
ffffffff   binit
UNDEFED    __TI_INITARRAY_Base
UNDEFED    __TI_INITARRAY_Limit

[276 symbols]
